Archive member included because of file (symbol)

c:/altera/11.0sp1/nios2eds/bin/gnu/h-i686-mingw32/bin/../lib/gcc/nios2-elf/4.1.2/mno-hw-mul\libgcc.a(lib2-divmod.o)
                              obj/hello_world_small.o (__modsi3)
c:/altera/11.0sp1/nios2eds/bin/gnu/h-i686-mingw32/bin/../lib/gcc/nios2-elf/4.1.2/../../../../nios2-elf/lib/mno-hw-mul\libsmallc.a(lib_a-printf.o)
                              obj/hello_world_small.o (printf)
c:/altera/11.0sp1/nios2eds/bin/gnu/h-i686-mingw32/bin/../lib/gcc/nios2-elf/4.1.2/../../../../nios2-elf/lib/mno-hw-mul\libsmallc.a(lib_a-puts.o)
                              obj/hello_world_small.o (puts)
c:/altera/11.0sp1/nios2eds/bin/gnu/h-i686-mingw32/bin/../lib/gcc/nios2-elf/4.1.2/../../../../nios2-elf/lib/mno-hw-mul\libsmallc.a(lib_a-strlen.o)
                              c:/altera/11.0sp1/nios2eds/bin/gnu/h-i686-mingw32/bin/../lib/gcc/nios2-elf/4.1.2/../../../../nios2-elf/lib/mno-hw-mul\libsmallc.a(lib_a-puts.o) (strlen)
c:/altera/11.0sp1/nios2eds/bin/gnu/h-i686-mingw32/bin/../lib/gcc/nios2-elf/4.1.2/../../../../nios2-elf/lib/mno-hw-mul\libsmallc.a(lib_a-vfprintf.o)
                              c:/altera/11.0sp1/nios2eds/bin/gnu/h-i686-mingw32/bin/../lib/gcc/nios2-elf/4.1.2/../../../../nios2-elf/lib/mno-hw-mul\libsmallc.a(lib_a-printf.o) (___vfprintf_internal_r)
c:/altera/11.0sp1/nios2eds/bin/gnu/h-i686-mingw32/bin/../lib/gcc/nios2-elf/4.1.2/../../../../nios2-elf/lib/mno-hw-mul\libsmallc.a(lib_a-fvwrite_small_dev.o)
                              c:/altera/11.0sp1/nios2eds/bin/gnu/h-i686-mingw32/bin/../lib/gcc/nios2-elf/4.1.2/../../../../nios2-elf/lib/mno-hw-mul\libsmallc.a(lib_a-printf.o) (__sfvwrite_small_dev)
c:/altera/11.0sp1/nios2eds/bin/gnu/h-i686-mingw32/bin/../lib/gcc/nios2-elf/4.1.2/../../../../nios2-elf/lib/mno-hw-mul\libsmallc.a(lib_a-impure.o)
                              c:/altera/11.0sp1/nios2eds/bin/gnu/h-i686-mingw32/bin/../lib/gcc/nios2-elf/4.1.2/../../../../nios2-elf/lib/mno-hw-mul\libsmallc.a(lib_a-printf.o) (_impure_ptr)
c:/altera/11.0sp1/nios2eds/bin/gnu/h-i686-mingw32/bin/../lib/gcc/nios2-elf/4.1.2/../../../../nios2-elf/lib/mno-hw-mul\libsmallc.a(lib_a-writer.o)
                              c:/altera/11.0sp1/nios2eds/bin/gnu/h-i686-mingw32/bin/../lib/gcc/nios2-elf/4.1.2/../../../../nios2-elf/lib/mno-hw-mul\libsmallc.a(lib_a-fvwrite_small_dev.o) (_write_r)
c:/altera/11.0sp1/nios2eds/bin/gnu/h-i686-mingw32/bin/../lib/gcc/nios2-elf/4.1.2/../../../../nios2-elf/lib/mno-hw-mul\libsmallc.a(lib_a-int_errno.o)
                              c:/altera/11.0sp1/nios2eds/bin/gnu/h-i686-mingw32/bin/../lib/gcc/nios2-elf/4.1.2/../../../../nios2-elf/lib/mno-hw-mul\libsmallc.a(lib_a-writer.o) (errno)
c:/altera/11.0sp1/nios2eds/bin/gnu/h-i686-mingw32/bin/../lib/gcc/nios2-elf/4.1.2/mno-hw-mul\libgcc.a(lib2-mul.o)
                              c:/altera/11.0sp1/nios2eds/bin/gnu/h-i686-mingw32/bin/../lib/gcc/nios2-elf/4.1.2/../../../../nios2-elf/lib/mno-hw-mul\libsmallc.a(lib_a-vfprintf.o) (__mulsi3)
../Verin_Boutton_Anemo_Compas_bsp/\libhal_bsp.a(alt_load.o)
                              ../Verin_Boutton_Anemo_Compas_bsp//obj/HAL/src/crt0.o (alt_load)
../Verin_Boutton_Anemo_Compas_bsp/\libhal_bsp.a(alt_main.o)
                              ../Verin_Boutton_Anemo_Compas_bsp//obj/HAL/src/crt0.o (alt_main)
../Verin_Boutton_Anemo_Compas_bsp/\libhal_bsp.a(alt_putstr.o)
                              obj/hello_world_small.o (alt_putstr)
../Verin_Boutton_Anemo_Compas_bsp/\libhal_bsp.a(alt_usleep.o)
                              obj/hello_world_small.o (usleep)
../Verin_Boutton_Anemo_Compas_bsp/\libhal_bsp.a(alt_write.o)
                              c:/altera/11.0sp1/nios2eds/bin/gnu/h-i686-mingw32/bin/../lib/gcc/nios2-elf/4.1.2/../../../../nios2-elf/lib/mno-hw-mul\libsmallc.a(lib_a-writer.o) (write)
../Verin_Boutton_Anemo_Compas_bsp/\libhal_bsp.a(alt_sys_init.o)
                              ../Verin_Boutton_Anemo_Compas_bsp/\libhal_bsp.a(alt_main.o) (alt_sys_init)
../Verin_Boutton_Anemo_Compas_bsp/\libhal_bsp.a(altera_avalon_jtag_uart_write.o)
                              ../Verin_Boutton_Anemo_Compas_bsp/\libhal_bsp.a(alt_putstr.o) (altera_avalon_jtag_uart_write)
../Verin_Boutton_Anemo_Compas_bsp/\libhal_bsp.a(alt_busy_sleep.o)
                              ../Verin_Boutton_Anemo_Compas_bsp/\libhal_bsp.a(alt_usleep.o) (alt_busy_sleep)
../Verin_Boutton_Anemo_Compas_bsp/\libhal_bsp.a(alt_dcache_flush_all.o)
                              ../Verin_Boutton_Anemo_Compas_bsp/\libhal_bsp.a(alt_load.o) (alt_dcache_flush_all)
../Verin_Boutton_Anemo_Compas_bsp/\libhal_bsp.a(alt_errno.o)
                              ../Verin_Boutton_Anemo_Compas_bsp/\libhal_bsp.a(alt_write.o) (alt_errno)
../Verin_Boutton_Anemo_Compas_bsp/\libhal_bsp.a(alt_icache_flush_all.o)
                              ../Verin_Boutton_Anemo_Compas_bsp/\libhal_bsp.a(alt_load.o) (alt_icache_flush_all)
../Verin_Boutton_Anemo_Compas_bsp/\libhal_bsp.a(altera_nios2_irq.o)
                              ../Verin_Boutton_Anemo_Compas_bsp/\libhal_bsp.a(alt_sys_init.o) (altera_nios2_irq_init)

Allocating common symbols
Common symbol       size              file

errno               0x4               c:/altera/11.0sp1/nios2eds/bin/gnu/h-i686-mingw32/bin/../lib/gcc/nios2-elf/4.1.2/../../../../nios2-elf/lib/mno-hw-mul\libsmallc.a(lib_a-int_errno.o)

Memory Configuration

Name             Origin             Length             Attributes
reset            0x00008000         0x00000020
onchip_memory2_0 0x00008020         0x00004e00
*default*        0x00000000         0xffffffff

Linker script and memory map

LOAD ../Verin_Boutton_Anemo_Compas_bsp//obj/HAL/src/crt0.o
                0x0000800c                exit = _exit
LOAD obj/hello_world_small.o
LOAD c:/altera/11.0sp1/nios2eds/bin/gnu/h-i686-mingw32/bin/../lib/gcc/nios2-elf/4.1.2/../../../../nios2-elf/lib/mno-hw-mul\libstdc++.a
LOAD c:/altera/11.0sp1/nios2eds/bin/gnu/h-i686-mingw32/bin/../lib/gcc/nios2-elf/4.1.2/../../../../nios2-elf/lib/mno-hw-mul\libm.a
LOAD c:/altera/11.0sp1/nios2eds/bin/gnu/h-i686-mingw32/bin/../lib/gcc/nios2-elf/4.1.2/mno-hw-mul\libgcc.a
START GROUP
LOAD c:/altera/11.0sp1/nios2eds/bin/gnu/h-i686-mingw32/bin/../lib/gcc/nios2-elf/4.1.2/../../../../nios2-elf/lib/mno-hw-mul\libsmallc.a
LOAD c:/altera/11.0sp1/nios2eds/bin/gnu/h-i686-mingw32/bin/../lib/gcc/nios2-elf/4.1.2/mno-hw-mul\libgcc.a
LOAD ../Verin_Boutton_Anemo_Compas_bsp/\libhal_bsp.a
END GROUP
LOAD c:/altera/11.0sp1/nios2eds/bin/gnu/h-i686-mingw32/bin/../lib/gcc/nios2-elf/4.1.2/mno-hw-mul\libgcc.a
                0x00008000                __alt_mem_onchip_memory2_0 = 0x8000

.entry          0x00008000       0x20
 *(.entry)
 .entry         0x00008000       0x20 ../Verin_Boutton_Anemo_Compas_bsp//obj/HAL/src/crt0.o
                0x00008000                __reset
                0x0000800c                _exit

.exceptions     0x00008020        0x0
                0x00008020                PROVIDE (__ram_exceptions_start, ABSOLUTE (.))
                0x00008020                . = ALIGN (0x20)
 *(.irq)
 *(.exceptions.entry.label)
 *(.exceptions.entry.user)
 *(.exceptions.entry)
 *(.exceptions.irqtest.user)
 *(.exceptions.irqtest)
 *(.exceptions.irqhandler.user)
 *(.exceptions.irqhandler)
 *(.exceptions.irqreturn.user)
 *(.exceptions.irqreturn)
 *(.exceptions.notirq.label)
 *(.exceptions.notirq.user)
 *(.exceptions.notirq)
 *(.exceptions.soft.user)
 *(.exceptions.soft)
 *(.exceptions.unknown.user)
 *(.exceptions.unknown)
 *(.exceptions.exit.label)
 *(.exceptions.exit.user)
 *(.exceptions.exit)
 *(.exceptions)
                0x00008020                PROVIDE (__ram_exceptions_end, ABSOLUTE (.))
                0x00008020                PROVIDE (__flash_exceptions_start, LOADADDR (.exceptions))

.text           0x00008020     0x1054
                0x00008020                PROVIDE (stext, ABSOLUTE (.))
 *(.interp)
 *(.hash)
 *(.dynsym)
 *(.dynstr)
 *(.gnu.version)
 *(.gnu.version_d)
 *(.gnu.version_r)
 *(.rel.init)
 *(.rela.init)
 *(.rel.text .rel.text.* .rel.gnu.linkonce.t.*)
 *(.rela.text .rela.text.* .rela.gnu.linkonce.t.*)
 *(.rel.fini)
 *(.rela.fini)
 *(.rel.rodata .rel.rodata.* .rel.gnu.linkonce.r.*)
 *(.rela.rodata .rela.rodata.* .rela.gnu.linkonce.r.*)
 *(.rel.data .rel.data.* .rel.gnu.linkonce.d.*)
 *(.rela.data .rela.data.* .rela.gnu.linkonce.d.*)
 *(.rel.tdata .rel.tdata.* .rel.gnu.linkonce.td.*)
 *(.rela.tdata .rela.tdata.* .rela.gnu.linkonce.td.*)
 *(.rel.tbss .rel.tbss.* .rel.gnu.linkonce.tb.*)
 *(.rela.tbss .rela.tbss.* .rela.gnu.linkonce.tb.*)
 *(.rel.ctors)
 *(.rela.ctors)
 *(.rel.dtors)
 *(.rela.dtors)
 *(.rel.got)
 *(.rela.got)
 *(.rel.sdata .rel.sdata.* .rel.gnu.linkonce.s.*)
 *(.rela.sdata .rela.sdata.* .rela.gnu.linkonce.s.*)
 *(.rel.sbss .rel.sbss.* .rel.gnu.linkonce.sb.*)
 *(.rela.sbss .rela.sbss.* .rela.gnu.linkonce.sb.*)
 *(.rel.sdata2 .rel.sdata2.* .rel.gnu.linkonce.s2.*)
 *(.rela.sdata2 .rela.sdata2.* .rela.gnu.linkonce.s2.*)
 *(.rel.sbss2 .rel.sbss2.* .rel.gnu.linkonce.sb2.*)
 *(.rela.sbss2 .rela.sbss2.* .rela.gnu.linkonce.sb2.*)
 *(.rel.bss .rel.bss.* .rel.gnu.linkonce.b.*)
 *(.rela.bss .rela.bss.* .rela.gnu.linkonce.b.*)
 *(.rel.plt)
 *(.rela.plt)
 *(.rel.dyn)
 *(.init)
 *(.plt)
 *(.text .stub .text.* .gnu.linkonce.t.*)
 .text          0x00008020       0x3c ../Verin_Boutton_Anemo_Compas_bsp//obj/HAL/src/crt0.o
                0x00008020                _start
 .text          0x0000805c      0x300 obj/hello_world_small.o
                0x0000805c                main
 .text          0x0000835c      0x14c c:/altera/11.0sp1/nios2eds/bin/gnu/h-i686-mingw32/bin/../lib/gcc/nios2-elf/4.1.2/mno-hw-mul\libgcc.a(lib2-divmod.o)
                0x000083d8                __divsi3
                0x00008438                __modsi3
                0x00008498                __udivsi3
                0x000084a0                __umodsi3
 .text          0x000084a8       0x98 c:/altera/11.0sp1/nios2eds/bin/gnu/h-i686-mingw32/bin/../lib/gcc/nios2-elf/4.1.2/../../../../nios2-elf/lib/mno-hw-mul\libsmallc.a(lib_a-printf.o)
                0x000084a8                printf
                0x000084fc                _printf_r
 .text          0x00008540       0xa4 c:/altera/11.0sp1/nios2eds/bin/gnu/h-i686-mingw32/bin/../lib/gcc/nios2-elf/4.1.2/../../../../nios2-elf/lib/mno-hw-mul\libsmallc.a(lib_a-puts.o)
                0x00008540                _puts_r
                0x000085d0                puts
 .text          0x000085e4       0x20 c:/altera/11.0sp1/nios2eds/bin/gnu/h-i686-mingw32/bin/../lib/gcc/nios2-elf/4.1.2/../../../../nios2-elf/lib/mno-hw-mul\libsmallc.a(lib_a-strlen.o)
                0x000085e4                strlen
 .text          0x00008604      0x6a4 c:/altera/11.0sp1/nios2eds/bin/gnu/h-i686-mingw32/bin/../lib/gcc/nios2-elf/4.1.2/../../../../nios2-elf/lib/mno-hw-mul\libsmallc.a(lib_a-vfprintf.o)
                0x00008684                ___vfprintf_internal_r
                0x00008c84                __vfprintf_internal
 .text          0x00008ca8       0xbc c:/altera/11.0sp1/nios2eds/bin/gnu/h-i686-mingw32/bin/../lib/gcc/nios2-elf/4.1.2/../../../../nios2-elf/lib/mno-hw-mul\libsmallc.a(lib_a-fvwrite_small_dev.o)
                0x00008ca8                __sfvwrite_small_dev
 .text          0x00008d64        0x0 c:/altera/11.0sp1/nios2eds/bin/gnu/h-i686-mingw32/bin/../lib/gcc/nios2-elf/4.1.2/../../../../nios2-elf/lib/mno-hw-mul\libsmallc.a(lib_a-impure.o)
 .text          0x00008d64       0x78 c:/altera/11.0sp1/nios2eds/bin/gnu/h-i686-mingw32/bin/../lib/gcc/nios2-elf/4.1.2/../../../../nios2-elf/lib/mno-hw-mul\libsmallc.a(lib_a-writer.o)
                0x00008d64                _write_r
 .text          0x00008ddc        0x0 c:/altera/11.0sp1/nios2eds/bin/gnu/h-i686-mingw32/bin/../lib/gcc/nios2-elf/4.1.2/../../../../nios2-elf/lib/mno-hw-mul\libsmallc.a(lib_a-int_errno.o)
 .text          0x00008ddc       0x38 c:/altera/11.0sp1/nios2eds/bin/gnu/h-i686-mingw32/bin/../lib/gcc/nios2-elf/4.1.2/mno-hw-mul\libgcc.a(lib2-mul.o)
                0x00008ddc                __mulsi3
 .text          0x00008e14       0x8c ../Verin_Boutton_Anemo_Compas_bsp/\libhal_bsp.a(alt_load.o)
                0x00008e34                alt_load
 .text          0x00008ea0       0x2c ../Verin_Boutton_Anemo_Compas_bsp/\libhal_bsp.a(alt_main.o)
                0x00008ea0                alt_main
 .text          0x00008ecc       0x38 ../Verin_Boutton_Anemo_Compas_bsp/\libhal_bsp.a(alt_putstr.o)
                0x00008ecc                alt_putstr
 .text          0x00008f04        0x4 ../Verin_Boutton_Anemo_Compas_bsp/\libhal_bsp.a(alt_usleep.o)
                0x00008f04                usleep
 .text          0x00008f08       0x78 ../Verin_Boutton_Anemo_Compas_bsp/\libhal_bsp.a(alt_write.o)
                0x00008f08                write
 .text          0x00008f80       0x24 ../Verin_Boutton_Anemo_Compas_bsp/\libhal_bsp.a(alt_sys_init.o)
                0x00008f80                alt_sys_init
                0x00008f84                alt_irq_init
 .text          0x00008fa4       0x34 ../Verin_Boutton_Anemo_Compas_bsp/\libhal_bsp.a(altera_avalon_jtag_uart_write.o)
                0x00008fa4                altera_avalon_jtag_uart_write
 .text          0x00008fd8       0x8c ../Verin_Boutton_Anemo_Compas_bsp/\libhal_bsp.a(alt_busy_sleep.o)
                0x00008fd8                alt_busy_sleep
 .text          0x00009064        0x4 ../Verin_Boutton_Anemo_Compas_bsp/\libhal_bsp.a(alt_dcache_flush_all.o)
                0x00009064                alt_dcache_flush_all
 .text          0x00009068        0x0 ../Verin_Boutton_Anemo_Compas_bsp/\libhal_bsp.a(alt_errno.o)
 .text          0x00009068        0x4 ../Verin_Boutton_Anemo_Compas_bsp/\libhal_bsp.a(alt_icache_flush_all.o)
                0x00009068                alt_icache_flush_all
 .text          0x0000906c        0x8 ../Verin_Boutton_Anemo_Compas_bsp/\libhal_bsp.a(altera_nios2_irq.o)
                0x0000906c                altera_nios2_irq_init
 *(.gnu.warning.*)
 *(.fini)
                0x00009074                PROVIDE (__etext, ABSOLUTE (.))
                0x00009074                PROVIDE (_etext, ABSOLUTE (.))
                0x00009074                PROVIDE (etext, ABSOLUTE (.))
 *(.eh_frame_hdr)
                0x00009074                . = ALIGN (0x4)
                0x00009074                PROVIDE (__preinit_array_start, ABSOLUTE (.))
 *(.preinit_array)
                0x00009074                PROVIDE (__preinit_array_end, ABSOLUTE (.))
                0x00009074                PROVIDE (__init_array_start, ABSOLUTE (.))
 *(.init_array)
                0x00009074                PROVIDE (__init_array_end, ABSOLUTE (.))
                0x00009074                PROVIDE (__fini_array_start, ABSOLUTE (.))
 *(.fini_array)
                0x00009074                PROVIDE (__fini_array_end, ABSOLUTE (.))
 *(.eh_frame)
 *(.gcc_except_table)
 *(.dynamic)
                0x00009074                PROVIDE (__CTOR_LIST__, ABSOLUTE (.))
 *(.ctors)
 *(SORT(.ctors.*))
                0x00009074                PROVIDE (__CTOR_END__, ABSOLUTE (.))
                0x00009074                PROVIDE (__DTOR_LIST__, ABSOLUTE (.))
 *(.dtors)
 *(SORT(.dtors.*))
                0x00009074                PROVIDE (__DTOR_END__, ABSOLUTE (.))
 *(.jcr)
                0x00009074                . = ALIGN (0x4)

.rodata         0x00009074      0x18c
                0x00009074                PROVIDE (__ram_rodata_start, ABSOLUTE (.))
                0x00009074                . = ALIGN (0x4)
 *(.rodata .rodata.* .gnu.linkonce.r.*)
 .rodata.str1.4
                0x00009074      0x18a obj/hello_world_small.o
                                0x18c (size before relaxing)
 .rodata.str1.4
                0x00000000      0x18c c:/altera/11.0sp1/nios2eds/bin/gnu/h-i686-mingw32/bin/../lib/gcc/nios2-elf/4.1.2/../../../../nios2-elf/lib/mno-hw-mul\libsmallc.a(lib_a-puts.o)
                                  0x4 (size before relaxing)
 *(.rodata1)
                0x00009200                . = ALIGN (0x4)
 *fill*         0x000091fe        0x2 00
                0x00009200                PROVIDE (__ram_rodata_end, ABSOLUTE (.))
                0x00009074                PROVIDE (__flash_rodata_start, LOADADDR (.rodata))

.rwdata         0x00009200       0xf0 load address 0x000092f0
                0x00009200                PROVIDE (__ram_rwdata_start, ABSOLUTE (.))
                0x00009200                . = ALIGN (0x4)
 *(.got.plt)
 *(.got)
 *(.data1)
 *(.data .data.* .gnu.linkonce.d.*)
 .data          0x00009200        0x0 ../Verin_Boutton_Anemo_Compas_bsp//obj/HAL/src/crt0.o
 .data          0x00009200        0x0 obj/hello_world_small.o
 .data          0x00009200        0x0 c:/altera/11.0sp1/nios2eds/bin/gnu/h-i686-mingw32/bin/../lib/gcc/nios2-elf/4.1.2/mno-hw-mul\libgcc.a(lib2-divmod.o)
 .data          0x00009200        0x0 c:/altera/11.0sp1/nios2eds/bin/gnu/h-i686-mingw32/bin/../lib/gcc/nios2-elf/4.1.2/../../../../nios2-elf/lib/mno-hw-mul\libsmallc.a(lib_a-printf.o)
 .data          0x00009200        0x0 c:/altera/11.0sp1/nios2eds/bin/gnu/h-i686-mingw32/bin/../lib/gcc/nios2-elf/4.1.2/../../../../nios2-elf/lib/mno-hw-mul\libsmallc.a(lib_a-puts.o)
 .data          0x00009200        0x0 c:/altera/11.0sp1/nios2eds/bin/gnu/h-i686-mingw32/bin/../lib/gcc/nios2-elf/4.1.2/../../../../nios2-elf/lib/mno-hw-mul\libsmallc.a(lib_a-strlen.o)
 .data          0x00009200        0x0 c:/altera/11.0sp1/nios2eds/bin/gnu/h-i686-mingw32/bin/../lib/gcc/nios2-elf/4.1.2/../../../../nios2-elf/lib/mno-hw-mul\libsmallc.a(lib_a-vfprintf.o)
 .data          0x00009200        0x0 c:/altera/11.0sp1/nios2eds/bin/gnu/h-i686-mingw32/bin/../lib/gcc/nios2-elf/4.1.2/../../../../nios2-elf/lib/mno-hw-mul\libsmallc.a(lib_a-fvwrite_small_dev.o)
 .data          0x00009200       0xe0 c:/altera/11.0sp1/nios2eds/bin/gnu/h-i686-mingw32/bin/../lib/gcc/nios2-elf/4.1.2/../../../../nios2-elf/lib/mno-hw-mul\libsmallc.a(lib_a-impure.o)
 .data          0x000092e0        0x0 c:/altera/11.0sp1/nios2eds/bin/gnu/h-i686-mingw32/bin/../lib/gcc/nios2-elf/4.1.2/../../../../nios2-elf/lib/mno-hw-mul\libsmallc.a(lib_a-writer.o)
 .data          0x000092e0        0x0 c:/altera/11.0sp1/nios2eds/bin/gnu/h-i686-mingw32/bin/../lib/gcc/nios2-elf/4.1.2/../../../../nios2-elf/lib/mno-hw-mul\libsmallc.a(lib_a-int_errno.o)
 .data          0x000092e0        0x0 c:/altera/11.0sp1/nios2eds/bin/gnu/h-i686-mingw32/bin/../lib/gcc/nios2-elf/4.1.2/mno-hw-mul\libgcc.a(lib2-mul.o)
 .data          0x000092e0        0x0 ../Verin_Boutton_Anemo_Compas_bsp/\libhal_bsp.a(alt_load.o)
 .data          0x000092e0        0x0 ../Verin_Boutton_Anemo_Compas_bsp/\libhal_bsp.a(alt_main.o)
 .data          0x000092e0        0x0 ../Verin_Boutton_Anemo_Compas_bsp/\libhal_bsp.a(alt_putstr.o)
 .data          0x000092e0        0x0 ../Verin_Boutton_Anemo_Compas_bsp/\libhal_bsp.a(alt_usleep.o)
 .data          0x000092e0        0x0 ../Verin_Boutton_Anemo_Compas_bsp/\libhal_bsp.a(alt_write.o)
 .data          0x000092e0        0x0 ../Verin_Boutton_Anemo_Compas_bsp/\libhal_bsp.a(alt_sys_init.o)
 .data          0x000092e0        0x0 ../Verin_Boutton_Anemo_Compas_bsp/\libhal_bsp.a(altera_avalon_jtag_uart_write.o)
 .data          0x000092e0        0x0 ../Verin_Boutton_Anemo_Compas_bsp/\libhal_bsp.a(alt_busy_sleep.o)
 .data          0x000092e0        0x0 ../Verin_Boutton_Anemo_Compas_bsp/\libhal_bsp.a(alt_dcache_flush_all.o)
 .data          0x000092e0        0x0 ../Verin_Boutton_Anemo_Compas_bsp/\libhal_bsp.a(alt_errno.o)
 .data          0x000092e0        0x0 ../Verin_Boutton_Anemo_Compas_bsp/\libhal_bsp.a(alt_icache_flush_all.o)
 .data          0x000092e0        0x0 ../Verin_Boutton_Anemo_Compas_bsp/\libhal_bsp.a(altera_nios2_irq.o)
                0x000112e0                _gp = ABSOLUTE ((. + 0x8000))
                0x000112e0                PROVIDE (gp, _gp)
 *(.rwdata .rwdata.*)
 *(.sdata .sdata.* .gnu.linkonce.s.*)
 .sdata         0x000092e0        0x8 c:/altera/11.0sp1/nios2eds/bin/gnu/h-i686-mingw32/bin/../lib/gcc/nios2-elf/4.1.2/../../../../nios2-elf/lib/mno-hw-mul\libsmallc.a(lib_a-impure.o)
                0x000092e0                _impure_ptr
                0x000092e4                _global_impure_ptr
 .sdata         0x000092e8        0x4 ../Verin_Boutton_Anemo_Compas_bsp/\libhal_bsp.a(alt_sys_init.o)
                0x000092e8                jtag_uart_0
 .sdata         0x000092ec        0x4 ../Verin_Boutton_Anemo_Compas_bsp/\libhal_bsp.a(alt_errno.o)
                0x000092ec                alt_errno
 *(.sdata2 .sdata2.* .gnu.linkonce.s2.*)
                0x000092f0                . = ALIGN (0x4)
                0x000092f0                _edata = ABSOLUTE (.)
                0x000092f0                PROVIDE (edata, ABSOLUTE (.))
                0x000092f0                PROVIDE (__ram_rwdata_end, ABSOLUTE (.))
                0x000092f0                PROVIDE (__flash_rwdata_start, LOADADDR (.rwdata))

.bss            0x000093e0       0x10
                0x000093e0                __bss_start = ABSOLUTE (.)
                0x000093e0                PROVIDE (__sbss_start, ABSOLUTE (.))
                0x000093e0                PROVIDE (___sbss_start, ABSOLUTE (.))
 *(.dynsbss)
 *(.sbss .sbss.* .gnu.linkonce.sb.*)
 .sbss          0x000093e0        0x4 c:/altera/11.0sp1/nios2eds/bin/gnu/h-i686-mingw32/bin/../lib/gcc/nios2-elf/4.1.2/../../../../nios2-elf/lib/mno-hw-mul\libsmallc.a(lib_a-int_errno.o)
                0x000093e0                errno
 .sbss          0x000093e4        0xc ../Verin_Boutton_Anemo_Compas_bsp/\libhal_bsp.a(alt_main.o)
                0x000093e4                alt_argc
                0x000093e8                alt_argv
                0x000093ec                alt_envp
 *(.sbss2 .sbss2.* .gnu.linkonce.sb2.*)
 *(.scommon)
                0x000093f0                PROVIDE (__sbss_end, ABSOLUTE (.))
                0x000093f0                PROVIDE (___sbss_end, ABSOLUTE (.))
 *(.dynbss)
 *(.bss .bss.* .gnu.linkonce.b.*)
 .bss           0x000093f0        0x0 ../Verin_Boutton_Anemo_Compas_bsp//obj/HAL/src/crt0.o
 .bss           0x000093f0        0x0 obj/hello_world_small.o
 .bss           0x000093f0        0x0 c:/altera/11.0sp1/nios2eds/bin/gnu/h-i686-mingw32/bin/../lib/gcc/nios2-elf/4.1.2/mno-hw-mul\libgcc.a(lib2-divmod.o)
 .bss           0x000093f0        0x0 c:/altera/11.0sp1/nios2eds/bin/gnu/h-i686-mingw32/bin/../lib/gcc/nios2-elf/4.1.2/../../../../nios2-elf/lib/mno-hw-mul\libsmallc.a(lib_a-printf.o)
 .bss           0x000093f0        0x0 c:/altera/11.0sp1/nios2eds/bin/gnu/h-i686-mingw32/bin/../lib/gcc/nios2-elf/4.1.2/../../../../nios2-elf/lib/mno-hw-mul\libsmallc.a(lib_a-puts.o)
 .bss           0x000093f0        0x0 c:/altera/11.0sp1/nios2eds/bin/gnu/h-i686-mingw32/bin/../lib/gcc/nios2-elf/4.1.2/../../../../nios2-elf/lib/mno-hw-mul\libsmallc.a(lib_a-strlen.o)
 .bss           0x000093f0        0x0 c:/altera/11.0sp1/nios2eds/bin/gnu/h-i686-mingw32/bin/../lib/gcc/nios2-elf/4.1.2/../../../../nios2-elf/lib/mno-hw-mul\libsmallc.a(lib_a-vfprintf.o)
 .bss           0x000093f0        0x0 c:/altera/11.0sp1/nios2eds/bin/gnu/h-i686-mingw32/bin/../lib/gcc/nios2-elf/4.1.2/../../../../nios2-elf/lib/mno-hw-mul\libsmallc.a(lib_a-fvwrite_small_dev.o)
 .bss           0x000093f0        0x0 c:/altera/11.0sp1/nios2eds/bin/gnu/h-i686-mingw32/bin/../lib/gcc/nios2-elf/4.1.2/../../../../nios2-elf/lib/mno-hw-mul\libsmallc.a(lib_a-impure.o)
 .bss           0x000093f0        0x0 c:/altera/11.0sp1/nios2eds/bin/gnu/h-i686-mingw32/bin/../lib/gcc/nios2-elf/4.1.2/../../../../nios2-elf/lib/mno-hw-mul\libsmallc.a(lib_a-writer.o)
 .bss           0x000093f0        0x0 c:/altera/11.0sp1/nios2eds/bin/gnu/h-i686-mingw32/bin/../lib/gcc/nios2-elf/4.1.2/../../../../nios2-elf/lib/mno-hw-mul\libsmallc.a(lib_a-int_errno.o)
 .bss           0x000093f0        0x0 c:/altera/11.0sp1/nios2eds/bin/gnu/h-i686-mingw32/bin/../lib/gcc/nios2-elf/4.1.2/mno-hw-mul\libgcc.a(lib2-mul.o)
 .bss           0x000093f0        0x0 ../Verin_Boutton_Anemo_Compas_bsp/\libhal_bsp.a(alt_load.o)
 .bss           0x000093f0        0x0 ../Verin_Boutton_Anemo_Compas_bsp/\libhal_bsp.a(alt_main.o)
 .bss           0x000093f0        0x0 ../Verin_Boutton_Anemo_Compas_bsp/\libhal_bsp.a(alt_putstr.o)
 .bss           0x000093f0        0x0 ../Verin_Boutton_Anemo_Compas_bsp/\libhal_bsp.a(alt_usleep.o)
 .bss           0x000093f0        0x0 ../Verin_Boutton_Anemo_Compas_bsp/\libhal_bsp.a(alt_write.o)
 .bss           0x000093f0        0x0 ../Verin_Boutton_Anemo_Compas_bsp/\libhal_bsp.a(alt_sys_init.o)
 .bss           0x000093f0        0x0 ../Verin_Boutton_Anemo_Compas_bsp/\libhal_bsp.a(altera_avalon_jtag_uart_write.o)
 .bss           0x000093f0        0x0 ../Verin_Boutton_Anemo_Compas_bsp/\libhal_bsp.a(alt_busy_sleep.o)
 .bss           0x000093f0        0x0 ../Verin_Boutton_Anemo_Compas_bsp/\libhal_bsp.a(alt_dcache_flush_all.o)
 .bss           0x000093f0        0x0 ../Verin_Boutton_Anemo_Compas_bsp/\libhal_bsp.a(alt_errno.o)
 .bss           0x000093f0        0x0 ../Verin_Boutton_Anemo_Compas_bsp/\libhal_bsp.a(alt_icache_flush_all.o)
 .bss           0x000093f0        0x0 ../Verin_Boutton_Anemo_Compas_bsp/\libhal_bsp.a(altera_nios2_irq.o)
 *(COMMON)
                0x000093f0                . = ALIGN (0x4)
                0x000093f0                __bss_end = ABSOLUTE (.)

.onchip_memory2_0
                0x000093f0        0x0
                0x000093f0                PROVIDE (_alt_partition_onchip_memory2_0_start, ABSOLUTE (.))
 *(.onchip_memory2_0. onchip_memory2_0.*)
                0x000093f0                . = ALIGN (0x4)
                0x000093f0                PROVIDE (_alt_partition_onchip_memory2_0_end, ABSOLUTE (.))
                0x000093f0                _end = ABSOLUTE (.)
                0x000093f0                end = ABSOLUTE (.)
                0x000093f0                __alt_stack_base = ABSOLUTE (.)
                0x000093f0                PROVIDE (_alt_partition_onchip_memory2_0_load_addr, LOADADDR (.onchip_memory2_0))

.stab
 *(.stab)

.stabstr
 *(.stabstr)

.stab.excl
 *(.stab.excl)

.stab.exclstr
 *(.stab.exclstr)

.stab.index
 *(.stab.index)

.stab.indexstr
 *(.stab.indexstr)

.comment        0x00000000       0x26
 *(.comment)
 .comment       0x00000000       0x26 obj/hello_world_small.o
                                 0x27 (size before relaxing)
 .comment       0x00000000       0x27 c:/altera/11.0sp1/nios2eds/bin/gnu/h-i686-mingw32/bin/../lib/gcc/nios2-elf/4.1.2/mno-hw-mul\libgcc.a(lib2-divmod.o)
 .comment       0x00000000       0x27 c:/altera/11.0sp1/nios2eds/bin/gnu/h-i686-mingw32/bin/../lib/gcc/nios2-elf/4.1.2/../../../../nios2-elf/lib/mno-hw-mul\libsmallc.a(lib_a-printf.o)
 .comment       0x00000000       0x27 c:/altera/11.0sp1/nios2eds/bin/gnu/h-i686-mingw32/bin/../lib/gcc/nios2-elf/4.1.2/../../../../nios2-elf/lib/mno-hw-mul\libsmallc.a(lib_a-puts.o)
 .comment       0x00000000       0x27 c:/altera/11.0sp1/nios2eds/bin/gnu/h-i686-mingw32/bin/../lib/gcc/nios2-elf/4.1.2/../../../../nios2-elf/lib/mno-hw-mul\libsmallc.a(lib_a-strlen.o)
 .comment       0x00000000       0x27 c:/altera/11.0sp1/nios2eds/bin/gnu/h-i686-mingw32/bin/../lib/gcc/nios2-elf/4.1.2/../../../../nios2-elf/lib/mno-hw-mul\libsmallc.a(lib_a-vfprintf.o)
 .comment       0x00000000       0x27 c:/altera/11.0sp1/nios2eds/bin/gnu/h-i686-mingw32/bin/../lib/gcc/nios2-elf/4.1.2/../../../../nios2-elf/lib/mno-hw-mul\libsmallc.a(lib_a-fvwrite_small_dev.o)
 .comment       0x00000000       0x27 c:/altera/11.0sp1/nios2eds/bin/gnu/h-i686-mingw32/bin/../lib/gcc/nios2-elf/4.1.2/../../../../nios2-elf/lib/mno-hw-mul\libsmallc.a(lib_a-impure.o)
 .comment       0x00000000       0x27 c:/altera/11.0sp1/nios2eds/bin/gnu/h-i686-mingw32/bin/../lib/gcc/nios2-elf/4.1.2/../../../../nios2-elf/lib/mno-hw-mul\libsmallc.a(lib_a-writer.o)
 .comment       0x00000000       0x27 c:/altera/11.0sp1/nios2eds/bin/gnu/h-i686-mingw32/bin/../lib/gcc/nios2-elf/4.1.2/../../../../nios2-elf/lib/mno-hw-mul\libsmallc.a(lib_a-int_errno.o)
 .comment       0x00000000       0x27 c:/altera/11.0sp1/nios2eds/bin/gnu/h-i686-mingw32/bin/../lib/gcc/nios2-elf/4.1.2/mno-hw-mul\libgcc.a(lib2-mul.o)
 .comment       0x00000000       0x27 ../Verin_Boutton_Anemo_Compas_bsp/\libhal_bsp.a(alt_load.o)
 .comment       0x00000000       0x27 ../Verin_Boutton_Anemo_Compas_bsp/\libhal_bsp.a(alt_main.o)
 .comment       0x00000000       0x27 ../Verin_Boutton_Anemo_Compas_bsp/\libhal_bsp.a(alt_putstr.o)
 .comment       0x00000000       0x27 ../Verin_Boutton_Anemo_Compas_bsp/\libhal_bsp.a(alt_usleep.o)
 .comment       0x00000000       0x27 ../Verin_Boutton_Anemo_Compas_bsp/\libhal_bsp.a(alt_write.o)
 .comment       0x00000000       0x27 ../Verin_Boutton_Anemo_Compas_bsp/\libhal_bsp.a(alt_sys_init.o)
 .comment       0x00000000       0x27 ../Verin_Boutton_Anemo_Compas_bsp/\libhal_bsp.a(altera_avalon_jtag_uart_write.o)
 .comment       0x00000000       0x27 ../Verin_Boutton_Anemo_Compas_bsp/\libhal_bsp.a(alt_busy_sleep.o)
 .comment       0x00000000       0x27 ../Verin_Boutton_Anemo_Compas_bsp/\libhal_bsp.a(alt_dcache_flush_all.o)
 .comment       0x00000000       0x27 ../Verin_Boutton_Anemo_Compas_bsp/\libhal_bsp.a(alt_errno.o)
 .comment       0x00000000       0x27 ../Verin_Boutton_Anemo_Compas_bsp/\libhal_bsp.a(alt_icache_flush_all.o)
 .comment       0x00000000       0x27 ../Verin_Boutton_Anemo_Compas_bsp/\libhal_bsp.a(altera_nios2_irq.o)

.debug
 *(.debug)

.line
 *(.line)

.debug_srcinfo
 *(.debug_srcinfo)

.debug_sfnames
 *(.debug_sfnames)

.debug_aranges  0x00000000      0x2a8
 *(.debug_aranges)
 .debug_aranges
                0x00000000       0x28 ../Verin_Boutton_Anemo_Compas_bsp//obj/HAL/src/crt0.o
 .debug_aranges
                0x00000028       0x20 obj/hello_world_small.o
 .debug_aranges
                0x00000048       0x20 c:/altera/11.0sp1/nios2eds/bin/gnu/h-i686-mingw32/bin/../lib/gcc/nios2-elf/4.1.2/mno-hw-mul\libgcc.a(lib2-divmod.o)
 .debug_aranges
                0x00000068       0x20 c:/altera/11.0sp1/nios2eds/bin/gnu/h-i686-mingw32/bin/../lib/gcc/nios2-elf/4.1.2/../../../../nios2-elf/lib/mno-hw-mul\libsmallc.a(lib_a-printf.o)
 .debug_aranges
                0x00000088       0x20 c:/altera/11.0sp1/nios2eds/bin/gnu/h-i686-mingw32/bin/../lib/gcc/nios2-elf/4.1.2/../../../../nios2-elf/lib/mno-hw-mul\libsmallc.a(lib_a-puts.o)
 .debug_aranges
                0x000000a8       0x20 c:/altera/11.0sp1/nios2eds/bin/gnu/h-i686-mingw32/bin/../lib/gcc/nios2-elf/4.1.2/../../../../nios2-elf/lib/mno-hw-mul\libsmallc.a(lib_a-strlen.o)
 .debug_aranges
                0x000000c8       0x20 c:/altera/11.0sp1/nios2eds/bin/gnu/h-i686-mingw32/bin/../lib/gcc/nios2-elf/4.1.2/../../../../nios2-elf/lib/mno-hw-mul\libsmallc.a(lib_a-vfprintf.o)
 .debug_aranges
                0x000000e8       0x20 c:/altera/11.0sp1/nios2eds/bin/gnu/h-i686-mingw32/bin/../lib/gcc/nios2-elf/4.1.2/../../../../nios2-elf/lib/mno-hw-mul\libsmallc.a(lib_a-fvwrite_small_dev.o)
 .debug_aranges
                0x00000108       0x20 c:/altera/11.0sp1/nios2eds/bin/gnu/h-i686-mingw32/bin/../lib/gcc/nios2-elf/4.1.2/../../../../nios2-elf/lib/mno-hw-mul\libsmallc.a(lib_a-writer.o)
 .debug_aranges
                0x00000128       0x20 c:/altera/11.0sp1/nios2eds/bin/gnu/h-i686-mingw32/bin/../lib/gcc/nios2-elf/4.1.2/mno-hw-mul\libgcc.a(lib2-mul.o)
 .debug_aranges
                0x00000148       0x20 ../Verin_Boutton_Anemo_Compas_bsp/\libhal_bsp.a(alt_load.o)
 .debug_aranges
                0x00000168       0x20 ../Verin_Boutton_Anemo_Compas_bsp/\libhal_bsp.a(alt_main.o)
 .debug_aranges
                0x00000188       0x20 ../Verin_Boutton_Anemo_Compas_bsp/\libhal_bsp.a(alt_putstr.o)
 .debug_aranges
                0x000001a8       0x20 ../Verin_Boutton_Anemo_Compas_bsp/\libhal_bsp.a(alt_usleep.o)
 .debug_aranges
                0x000001c8       0x20 ../Verin_Boutton_Anemo_Compas_bsp/\libhal_bsp.a(alt_write.o)
 .debug_aranges
                0x000001e8       0x20 ../Verin_Boutton_Anemo_Compas_bsp/\libhal_bsp.a(alt_sys_init.o)
 .debug_aranges
                0x00000208       0x20 ../Verin_Boutton_Anemo_Compas_bsp/\libhal_bsp.a(altera_avalon_jtag_uart_write.o)
 .debug_aranges
                0x00000228       0x20 ../Verin_Boutton_Anemo_Compas_bsp/\libhal_bsp.a(alt_busy_sleep.o)
 .debug_aranges
                0x00000248       0x20 ../Verin_Boutton_Anemo_Compas_bsp/\libhal_bsp.a(alt_dcache_flush_all.o)
 .debug_aranges
                0x00000268       0x20 ../Verin_Boutton_Anemo_Compas_bsp/\libhal_bsp.a(alt_icache_flush_all.o)
 .debug_aranges
                0x00000288       0x20 ../Verin_Boutton_Anemo_Compas_bsp/\libhal_bsp.a(altera_nios2_irq.o)

.debug_pubnames
                0x00000000      0x3d3
 *(.debug_pubnames)
 .debug_pubnames
                0x00000000       0x1b obj/hello_world_small.o
 .debug_pubnames
                0x0000001b       0x48 c:/altera/11.0sp1/nios2eds/bin/gnu/h-i686-mingw32/bin/../lib/gcc/nios2-elf/4.1.2/mno-hw-mul\libgcc.a(lib2-divmod.o)
 .debug_pubnames
                0x00000063       0x2b c:/altera/11.0sp1/nios2eds/bin/gnu/h-i686-mingw32/bin/../lib/gcc/nios2-elf/4.1.2/../../../../nios2-elf/lib/mno-hw-mul\libsmallc.a(lib_a-printf.o)
 .debug_pubnames
                0x0000008e       0x27 c:/altera/11.0sp1/nios2eds/bin/gnu/h-i686-mingw32/bin/../lib/gcc/nios2-elf/4.1.2/../../../../nios2-elf/lib/mno-hw-mul\libsmallc.a(lib_a-puts.o)
 .debug_pubnames
                0x000000b5       0x1d c:/altera/11.0sp1/nios2eds/bin/gnu/h-i686-mingw32/bin/../lib/gcc/nios2-elf/4.1.2/../../../../nios2-elf/lib/mno-hw-mul\libsmallc.a(lib_a-strlen.o)
 .debug_pubnames
                0x000000d2       0x45 c:/altera/11.0sp1/nios2eds/bin/gnu/h-i686-mingw32/bin/../lib/gcc/nios2-elf/4.1.2/../../../../nios2-elf/lib/mno-hw-mul\libsmallc.a(lib_a-vfprintf.o)
 .debug_pubnames
                0x00000117       0x2b c:/altera/11.0sp1/nios2eds/bin/gnu/h-i686-mingw32/bin/../lib/gcc/nios2-elf/4.1.2/../../../../nios2-elf/lib/mno-hw-mul\libsmallc.a(lib_a-fvwrite_small_dev.o)
 .debug_pubnames
                0x00000142       0x39 c:/altera/11.0sp1/nios2eds/bin/gnu/h-i686-mingw32/bin/../lib/gcc/nios2-elf/4.1.2/../../../../nios2-elf/lib/mno-hw-mul\libsmallc.a(lib_a-impure.o)
 .debug_pubnames
                0x0000017b       0x1f c:/altera/11.0sp1/nios2eds/bin/gnu/h-i686-mingw32/bin/../lib/gcc/nios2-elf/4.1.2/../../../../nios2-elf/lib/mno-hw-mul\libsmallc.a(lib_a-writer.o)
 .debug_pubnames
                0x0000019a       0x1c c:/altera/11.0sp1/nios2eds/bin/gnu/h-i686-mingw32/bin/../lib/gcc/nios2-elf/4.1.2/../../../../nios2-elf/lib/mno-hw-mul\libsmallc.a(lib_a-int_errno.o)
 .debug_pubnames
                0x000001b6       0x1f c:/altera/11.0sp1/nios2eds/bin/gnu/h-i686-mingw32/bin/../lib/gcc/nios2-elf/4.1.2/mno-hw-mul\libgcc.a(lib2-mul.o)
 .debug_pubnames
                0x000001d5       0x1f ../Verin_Boutton_Anemo_Compas_bsp/\libhal_bsp.a(alt_load.o)
 .debug_pubnames
                0x000001f4       0x46 ../Verin_Boutton_Anemo_Compas_bsp/\libhal_bsp.a(alt_main.o)
 .debug_pubnames
                0x0000023a       0x21 ../Verin_Boutton_Anemo_Compas_bsp/\libhal_bsp.a(alt_putstr.o)
 .debug_pubnames
                0x0000025b       0x1d ../Verin_Boutton_Anemo_Compas_bsp/\libhal_bsp.a(alt_usleep.o)
 .debug_pubnames
                0x00000278       0x1c ../Verin_Boutton_Anemo_Compas_bsp/\libhal_bsp.a(alt_write.o)
 .debug_pubnames
                0x00000294       0x44 ../Verin_Boutton_Anemo_Compas_bsp/\libhal_bsp.a(alt_sys_init.o)
 .debug_pubnames
                0x000002d8       0x34 ../Verin_Boutton_Anemo_Compas_bsp/\libhal_bsp.a(altera_avalon_jtag_uart_write.o)
 .debug_pubnames
                0x0000030c       0x25 ../Verin_Boutton_Anemo_Compas_bsp/\libhal_bsp.a(alt_busy_sleep.o)
 .debug_pubnames
                0x00000331       0x2b ../Verin_Boutton_Anemo_Compas_bsp/\libhal_bsp.a(alt_dcache_flush_all.o)
 .debug_pubnames
                0x0000035c       0x20 ../Verin_Boutton_Anemo_Compas_bsp/\libhal_bsp.a(alt_errno.o)
 .debug_pubnames
                0x0000037c       0x2b ../Verin_Boutton_Anemo_Compas_bsp/\libhal_bsp.a(alt_icache_flush_all.o)
 .debug_pubnames
                0x000003a7       0x2c ../Verin_Boutton_Anemo_Compas_bsp/\libhal_bsp.a(altera_nios2_irq.o)

.debug_info     0x00000000     0x3b76
 *(.debug_info .gnu.linkonce.wi.*)
 .debug_info    0x00000000       0x95 ../Verin_Boutton_Anemo_Compas_bsp//obj/HAL/src/crt0.o
 .debug_info    0x00000095      0x131 obj/hello_world_small.o
 .debug_info    0x000001c6      0x21c c:/altera/11.0sp1/nios2eds/bin/gnu/h-i686-mingw32/bin/../lib/gcc/nios2-elf/4.1.2/mno-hw-mul\libgcc.a(lib2-divmod.o)
 .debug_info    0x000003e2      0x6c8 c:/altera/11.0sp1/nios2eds/bin/gnu/h-i686-mingw32/bin/../lib/gcc/nios2-elf/4.1.2/../../../../nios2-elf/lib/mno-hw-mul\libsmallc.a(lib_a-printf.o)
 .debug_info    0x00000aaa      0x685 c:/altera/11.0sp1/nios2eds/bin/gnu/h-i686-mingw32/bin/../lib/gcc/nios2-elf/4.1.2/../../../../nios2-elf/lib/mno-hw-mul\libsmallc.a(lib_a-puts.o)
 .debug_info    0x0000112f       0xc2 c:/altera/11.0sp1/nios2eds/bin/gnu/h-i686-mingw32/bin/../lib/gcc/nios2-elf/4.1.2/../../../../nios2-elf/lib/mno-hw-mul\libsmallc.a(lib_a-strlen.o)
 .debug_info    0x000011f1      0x94c c:/altera/11.0sp1/nios2eds/bin/gnu/h-i686-mingw32/bin/../lib/gcc/nios2-elf/4.1.2/../../../../nios2-elf/lib/mno-hw-mul\libsmallc.a(lib_a-vfprintf.o)
 .debug_info    0x00001b3d      0x68e c:/altera/11.0sp1/nios2eds/bin/gnu/h-i686-mingw32/bin/../lib/gcc/nios2-elf/4.1.2/../../../../nios2-elf/lib/mno-hw-mul\libsmallc.a(lib_a-fvwrite_small_dev.o)
 .debug_info    0x000021cb      0x636 c:/altera/11.0sp1/nios2eds/bin/gnu/h-i686-mingw32/bin/../lib/gcc/nios2-elf/4.1.2/../../../../nios2-elf/lib/mno-hw-mul\libsmallc.a(lib_a-impure.o)
 .debug_info    0x00002801      0x68c c:/altera/11.0sp1/nios2eds/bin/gnu/h-i686-mingw32/bin/../lib/gcc/nios2-elf/4.1.2/../../../../nios2-elf/lib/mno-hw-mul\libsmallc.a(lib_a-writer.o)
 .debug_info    0x00002e8d       0x8c c:/altera/11.0sp1/nios2eds/bin/gnu/h-i686-mingw32/bin/../lib/gcc/nios2-elf/4.1.2/../../../../nios2-elf/lib/mno-hw-mul\libsmallc.a(lib_a-int_errno.o)
 .debug_info    0x00002f19       0xf3 c:/altera/11.0sp1/nios2eds/bin/gnu/h-i686-mingw32/bin/../lib/gcc/nios2-elf/4.1.2/mno-hw-mul\libgcc.a(lib2-mul.o)
 .debug_info    0x0000300c      0x12e ../Verin_Boutton_Anemo_Compas_bsp/\libhal_bsp.a(alt_load.o)
 .debug_info    0x0000313a      0x125 ../Verin_Boutton_Anemo_Compas_bsp/\libhal_bsp.a(alt_main.o)
 .debug_info    0x0000325f       0xc5 ../Verin_Boutton_Anemo_Compas_bsp/\libhal_bsp.a(alt_putstr.o)
 .debug_info    0x00003324       0xab ../Verin_Boutton_Anemo_Compas_bsp/\libhal_bsp.a(alt_usleep.o)
 .debug_info    0x000033cf      0x179 ../Verin_Boutton_Anemo_Compas_bsp/\libhal_bsp.a(alt_write.o)
 .debug_info    0x00003548      0x17d ../Verin_Boutton_Anemo_Compas_bsp/\libhal_bsp.a(alt_sys_init.o)
 .debug_info    0x000036c5      0x18f ../Verin_Boutton_Anemo_Compas_bsp/\libhal_bsp.a(altera_avalon_jtag_uart_write.o)
 .debug_info    0x00003854       0xd0 ../Verin_Boutton_Anemo_Compas_bsp/\libhal_bsp.a(alt_busy_sleep.o)
 .debug_info    0x00003924       0x8d ../Verin_Boutton_Anemo_Compas_bsp/\libhal_bsp.a(alt_dcache_flush_all.o)
 .debug_info    0x000039b1       0xab ../Verin_Boutton_Anemo_Compas_bsp/\libhal_bsp.a(alt_errno.o)
 .debug_info    0x00003a5c       0x8d ../Verin_Boutton_Anemo_Compas_bsp/\libhal_bsp.a(alt_icache_flush_all.o)
 .debug_info    0x00003ae9       0x8d ../Verin_Boutton_Anemo_Compas_bsp/\libhal_bsp.a(altera_nios2_irq.o)

.debug_abbrev   0x00000000     0x1266
 *(.debug_abbrev)
 .debug_abbrev  0x00000000       0x12 ../Verin_Boutton_Anemo_Compas_bsp//obj/HAL/src/crt0.o
 .debug_abbrev  0x00000012       0x86 obj/hello_world_small.o
 .debug_abbrev  0x00000098       0xe0 c:/altera/11.0sp1/nios2eds/bin/gnu/h-i686-mingw32/bin/../lib/gcc/nios2-elf/4.1.2/mno-hw-mul\libgcc.a(lib2-divmod.o)
 .debug_abbrev  0x00000178      0x179 c:/altera/11.0sp1/nios2eds/bin/gnu/h-i686-mingw32/bin/../lib/gcc/nios2-elf/4.1.2/../../../../nios2-elf/lib/mno-hw-mul\libsmallc.a(lib_a-printf.o)
 .debug_abbrev  0x000002f1      0x180 c:/altera/11.0sp1/nios2eds/bin/gnu/h-i686-mingw32/bin/../lib/gcc/nios2-elf/4.1.2/../../../../nios2-elf/lib/mno-hw-mul\libsmallc.a(lib_a-puts.o)
 .debug_abbrev  0x00000471       0x7a c:/altera/11.0sp1/nios2eds/bin/gnu/h-i686-mingw32/bin/../lib/gcc/nios2-elf/4.1.2/../../../../nios2-elf/lib/mno-hw-mul\libsmallc.a(lib_a-strlen.o)
 .debug_abbrev  0x000004eb      0x247 c:/altera/11.0sp1/nios2eds/bin/gnu/h-i686-mingw32/bin/../lib/gcc/nios2-elf/4.1.2/../../../../nios2-elf/lib/mno-hw-mul\libsmallc.a(lib_a-vfprintf.o)
 .debug_abbrev  0x00000732      0x179 c:/altera/11.0sp1/nios2eds/bin/gnu/h-i686-mingw32/bin/../lib/gcc/nios2-elf/4.1.2/../../../../nios2-elf/lib/mno-hw-mul\libsmallc.a(lib_a-fvwrite_small_dev.o)
 .debug_abbrev  0x000008ab      0x13f c:/altera/11.0sp1/nios2eds/bin/gnu/h-i686-mingw32/bin/../lib/gcc/nios2-elf/4.1.2/../../../../nios2-elf/lib/mno-hw-mul\libsmallc.a(lib_a-impure.o)
 .debug_abbrev  0x000009ea      0x16c c:/altera/11.0sp1/nios2eds/bin/gnu/h-i686-mingw32/bin/../lib/gcc/nios2-elf/4.1.2/../../../../nios2-elf/lib/mno-hw-mul\libsmallc.a(lib_a-writer.o)
 .debug_abbrev  0x00000b56       0x3b c:/altera/11.0sp1/nios2eds/bin/gnu/h-i686-mingw32/bin/../lib/gcc/nios2-elf/4.1.2/../../../../nios2-elf/lib/mno-hw-mul\libsmallc.a(lib_a-int_errno.o)
 .debug_abbrev  0x00000b91       0x7b c:/altera/11.0sp1/nios2eds/bin/gnu/h-i686-mingw32/bin/../lib/gcc/nios2-elf/4.1.2/mno-hw-mul\libgcc.a(lib2-mul.o)
 .debug_abbrev  0x00000c0c       0x97 ../Verin_Boutton_Anemo_Compas_bsp/\libhal_bsp.a(alt_load.o)
 .debug_abbrev  0x00000ca3       0xa6 ../Verin_Boutton_Anemo_Compas_bsp/\libhal_bsp.a(alt_main.o)
 .debug_abbrev  0x00000d49       0x7c ../Verin_Boutton_Anemo_Compas_bsp/\libhal_bsp.a(alt_putstr.o)
 .debug_abbrev  0x00000dc5       0x5d ../Verin_Boutton_Anemo_Compas_bsp/\libhal_bsp.a(alt_usleep.o)
 .debug_abbrev  0x00000e22       0xdd ../Verin_Boutton_Anemo_Compas_bsp/\libhal_bsp.a(alt_write.o)
 .debug_abbrev  0x00000eff       0xe3 ../Verin_Boutton_Anemo_Compas_bsp/\libhal_bsp.a(alt_sys_init.o)
 .debug_abbrev  0x00000fe2       0xf0 ../Verin_Boutton_Anemo_Compas_bsp/\libhal_bsp.a(altera_avalon_jtag_uart_write.o)
 .debug_abbrev  0x000010d2       0x79 ../Verin_Boutton_Anemo_Compas_bsp/\libhal_bsp.a(alt_busy_sleep.o)
 .debug_abbrev  0x0000114b       0x3f ../Verin_Boutton_Anemo_Compas_bsp/\libhal_bsp.a(alt_dcache_flush_all.o)
 .debug_abbrev  0x0000118a       0x5e ../Verin_Boutton_Anemo_Compas_bsp/\libhal_bsp.a(alt_errno.o)
 .debug_abbrev  0x000011e8       0x3f ../Verin_Boutton_Anemo_Compas_bsp/\libhal_bsp.a(alt_icache_flush_all.o)
 .debug_abbrev  0x00001227       0x3f ../Verin_Boutton_Anemo_Compas_bsp/\libhal_bsp.a(altera_nios2_irq.o)

.debug_line     0x00000000     0x3852
 *(.debug_line)
 .debug_line    0x00000000       0x66 ../Verin_Boutton_Anemo_Compas_bsp//obj/HAL/src/crt0.o
 .debug_line    0x00000066      0x364 obj/hello_world_small.o
 .debug_line    0x000003ca      0x24f c:/altera/11.0sp1/nios2eds/bin/gnu/h-i686-mingw32/bin/../lib/gcc/nios2-elf/4.1.2/mno-hw-mul\libgcc.a(lib2-divmod.o)
 .debug_line    0x00000619      0x2be c:/altera/11.0sp1/nios2eds/bin/gnu/h-i686-mingw32/bin/../lib/gcc/nios2-elf/4.1.2/../../../../nios2-elf/lib/mno-hw-mul\libsmallc.a(lib_a-printf.o)
 .debug_line    0x000008d7      0x2b2 c:/altera/11.0sp1/nios2eds/bin/gnu/h-i686-mingw32/bin/../lib/gcc/nios2-elf/4.1.2/../../../../nios2-elf/lib/mno-hw-mul\libsmallc.a(lib_a-puts.o)
 .debug_line    0x00000b89      0x250 c:/altera/11.0sp1/nios2eds/bin/gnu/h-i686-mingw32/bin/../lib/gcc/nios2-elf/4.1.2/../../../../nios2-elf/lib/mno-hw-mul\libsmallc.a(lib_a-strlen.o)
 .debug_line    0x00000dd9      0x5f3 c:/altera/11.0sp1/nios2eds/bin/gnu/h-i686-mingw32/bin/../lib/gcc/nios2-elf/4.1.2/../../../../nios2-elf/lib/mno-hw-mul\libsmallc.a(lib_a-vfprintf.o)
 .debug_line    0x000013cc      0x2a9 c:/altera/11.0sp1/nios2eds/bin/gnu/h-i686-mingw32/bin/../lib/gcc/nios2-elf/4.1.2/../../../../nios2-elf/lib/mno-hw-mul\libsmallc.a(lib_a-fvwrite_small_dev.o)
 .debug_line    0x00001675      0x230 c:/altera/11.0sp1/nios2eds/bin/gnu/h-i686-mingw32/bin/../lib/gcc/nios2-elf/4.1.2/../../../../nios2-elf/lib/mno-hw-mul\libsmallc.a(lib_a-impure.o)
 .debug_line    0x000018a5      0x29d c:/altera/11.0sp1/nios2eds/bin/gnu/h-i686-mingw32/bin/../lib/gcc/nios2-elf/4.1.2/../../../../nios2-elf/lib/mno-hw-mul\libsmallc.a(lib_a-writer.o)
 .debug_line    0x00001b42      0x1e2 c:/altera/11.0sp1/nios2eds/bin/gnu/h-i686-mingw32/bin/../lib/gcc/nios2-elf/4.1.2/../../../../nios2-elf/lib/mno-hw-mul\libsmallc.a(lib_a-int_errno.o)
 .debug_line    0x00001d24      0x11a c:/altera/11.0sp1/nios2eds/bin/gnu/h-i686-mingw32/bin/../lib/gcc/nios2-elf/4.1.2/mno-hw-mul\libgcc.a(lib2-mul.o)
 .debug_line    0x00001e3e      0x217 ../Verin_Boutton_Anemo_Compas_bsp/\libhal_bsp.a(alt_load.o)
 .debug_line    0x00002055      0x2c2 ../Verin_Boutton_Anemo_Compas_bsp/\libhal_bsp.a(alt_main.o)
 .debug_line    0x00002317      0x1d9 ../Verin_Boutton_Anemo_Compas_bsp/\libhal_bsp.a(alt_putstr.o)
 .debug_line    0x000024f0      0x202 ../Verin_Boutton_Anemo_Compas_bsp/\libhal_bsp.a(alt_usleep.o)
 .debug_line    0x000026f2      0x2ab ../Verin_Boutton_Anemo_Compas_bsp/\libhal_bsp.a(alt_write.o)
 .debug_line    0x0000299d      0x286 ../Verin_Boutton_Anemo_Compas_bsp/\libhal_bsp.a(alt_sys_init.o)
 .debug_line    0x00002c23      0x2f4 ../Verin_Boutton_Anemo_Compas_bsp/\libhal_bsp.a(altera_avalon_jtag_uart_write.o)
 .debug_line    0x00002f17      0x25e ../Verin_Boutton_Anemo_Compas_bsp/\libhal_bsp.a(alt_busy_sleep.o)
 .debug_line    0x00003175      0x1b5 ../Verin_Boutton_Anemo_Compas_bsp/\libhal_bsp.a(alt_dcache_flush_all.o)
 .debug_line    0x0000332a      0x1aa ../Verin_Boutton_Anemo_Compas_bsp/\libhal_bsp.a(alt_errno.o)
 .debug_line    0x000034d4      0x1b5 ../Verin_Boutton_Anemo_Compas_bsp/\libhal_bsp.a(alt_icache_flush_all.o)
 .debug_line    0x00003689      0x1c9 ../Verin_Boutton_Anemo_Compas_bsp/\libhal_bsp.a(altera_nios2_irq.o)

.debug_frame    0x00000000      0x3d4
 *(.debug_frame)
 .debug_frame   0x00000000       0x38 obj/hello_world_small.o
 .debug_frame   0x00000038       0x70 c:/altera/11.0sp1/nios2eds/bin/gnu/h-i686-mingw32/bin/../lib/gcc/nios2-elf/4.1.2/mno-hw-mul\libgcc.a(lib2-divmod.o)
 .debug_frame   0x000000a8       0x40 c:/altera/11.0sp1/nios2eds/bin/gnu/h-i686-mingw32/bin/../lib/gcc/nios2-elf/4.1.2/../../../../nios2-elf/lib/mno-hw-mul\libsmallc.a(lib_a-printf.o)
 .debug_frame   0x000000e8       0x3c c:/altera/11.0sp1/nios2eds/bin/gnu/h-i686-mingw32/bin/../lib/gcc/nios2-elf/4.1.2/../../../../nios2-elf/lib/mno-hw-mul\libsmallc.a(lib_a-puts.o)
 .debug_frame   0x00000124       0x20 c:/altera/11.0sp1/nios2eds/bin/gnu/h-i686-mingw32/bin/../lib/gcc/nios2-elf/4.1.2/../../../../nios2-elf/lib/mno-hw-mul\libsmallc.a(lib_a-strlen.o)
 .debug_frame   0x00000144       0x64 c:/altera/11.0sp1/nios2eds/bin/gnu/h-i686-mingw32/bin/../lib/gcc/nios2-elf/4.1.2/../../../../nios2-elf/lib/mno-hw-mul\libsmallc.a(lib_a-vfprintf.o)
 .debug_frame   0x000001a8       0x30 c:/altera/11.0sp1/nios2eds/bin/gnu/h-i686-mingw32/bin/../lib/gcc/nios2-elf/4.1.2/../../../../nios2-elf/lib/mno-hw-mul\libsmallc.a(lib_a-fvwrite_small_dev.o)
 .debug_frame   0x000001d8       0x2c c:/altera/11.0sp1/nios2eds/bin/gnu/h-i686-mingw32/bin/../lib/gcc/nios2-elf/4.1.2/../../../../nios2-elf/lib/mno-hw-mul\libsmallc.a(lib_a-writer.o)
 .debug_frame   0x00000204       0x20 c:/altera/11.0sp1/nios2eds/bin/gnu/h-i686-mingw32/bin/../lib/gcc/nios2-elf/4.1.2/mno-hw-mul\libgcc.a(lib2-mul.o)
 .debug_frame   0x00000224       0x38 ../Verin_Boutton_Anemo_Compas_bsp/\libhal_bsp.a(alt_load.o)
 .debug_frame   0x0000025c       0x28 ../Verin_Boutton_Anemo_Compas_bsp/\libhal_bsp.a(alt_main.o)
 .debug_frame   0x00000284       0x28 ../Verin_Boutton_Anemo_Compas_bsp/\libhal_bsp.a(alt_putstr.o)
 .debug_frame   0x000002ac       0x20 ../Verin_Boutton_Anemo_Compas_bsp/\libhal_bsp.a(alt_usleep.o)
 .debug_frame   0x000002cc       0x28 ../Verin_Boutton_Anemo_Compas_bsp/\libhal_bsp.a(alt_write.o)
 .debug_frame   0x000002f4       0x38 ../Verin_Boutton_Anemo_Compas_bsp/\libhal_bsp.a(alt_sys_init.o)
 .debug_frame   0x0000032c       0x20 ../Verin_Boutton_Anemo_Compas_bsp/\libhal_bsp.a(altera_avalon_jtag_uart_write.o)
 .debug_frame   0x0000034c       0x28 ../Verin_Boutton_Anemo_Compas_bsp/\libhal_bsp.a(alt_busy_sleep.o)
 .debug_frame   0x00000374       0x20 ../Verin_Boutton_Anemo_Compas_bsp/\libhal_bsp.a(alt_dcache_flush_all.o)
 .debug_frame   0x00000394       0x20 ../Verin_Boutton_Anemo_Compas_bsp/\libhal_bsp.a(alt_icache_flush_all.o)
 .debug_frame   0x000003b4       0x20 ../Verin_Boutton_Anemo_Compas_bsp/\libhal_bsp.a(altera_nios2_irq.o)

.debug_str      0x00000000      0xe47
 *(.debug_str)
 .debug_str     0x00000000      0x10a obj/hello_world_small.o
                                0x14d (size before relaxing)
 .debug_str     0x0000010a      0x10b c:/altera/11.0sp1/nios2eds/bin/gnu/h-i686-mingw32/bin/../lib/gcc/nios2-elf/4.1.2/mno-hw-mul\libgcc.a(lib2-divmod.o)
                                0x1b4 (size before relaxing)
 .debug_str     0x00000215      0x3a3 c:/altera/11.0sp1/nios2eds/bin/gnu/h-i686-mingw32/bin/../lib/gcc/nios2-elf/4.1.2/../../../../nios2-elf/lib/mno-hw-mul\libsmallc.a(lib_a-printf.o)
                                0x466 (size before relaxing)
 .debug_str     0x000005b8       0x48 c:/altera/11.0sp1/nios2eds/bin/gnu/h-i686-mingw32/bin/../lib/gcc/nios2-elf/4.1.2/../../../../nios2-elf/lib/mno-hw-mul\libsmallc.a(lib_a-puts.o)
                                0x450 (size before relaxing)
 .debug_str     0x00000600       0xe2 c:/altera/11.0sp1/nios2eds/bin/gnu/h-i686-mingw32/bin/../lib/gcc/nios2-elf/4.1.2/../../../../nios2-elf/lib/mno-hw-mul\libsmallc.a(lib_a-strlen.o)
                                0x184 (size before relaxing)
 .debug_str     0x000006e2      0x115 c:/altera/11.0sp1/nios2eds/bin/gnu/h-i686-mingw32/bin/../lib/gcc/nios2-elf/4.1.2/../../../../nios2-elf/lib/mno-hw-mul\libsmallc.a(lib_a-vfprintf.o)
                                0x562 (size before relaxing)
 .debug_str     0x000007f7       0x70 c:/altera/11.0sp1/nios2eds/bin/gnu/h-i686-mingw32/bin/../lib/gcc/nios2-elf/4.1.2/../../../../nios2-elf/lib/mno-hw-mul\libsmallc.a(lib_a-fvwrite_small_dev.o)
                                0x46a (size before relaxing)
 .debug_str     0x00000867       0xf8 c:/altera/11.0sp1/nios2eds/bin/gnu/h-i686-mingw32/bin/../lib/gcc/nios2-elf/4.1.2/../../../../nios2-elf/lib/mno-hw-mul\libsmallc.a(lib_a-impure.o)
                                0x45d (size before relaxing)
 .debug_str     0x0000095f       0x4f c:/altera/11.0sp1/nios2eds/bin/gnu/h-i686-mingw32/bin/../lib/gcc/nios2-elf/4.1.2/../../../../nios2-elf/lib/mno-hw-mul\libsmallc.a(lib_a-writer.o)
                                0x451 (size before relaxing)
 .debug_str     0x000009ae       0x40 c:/altera/11.0sp1/nios2eds/bin/gnu/h-i686-mingw32/bin/../lib/gcc/nios2-elf/4.1.2/../../../../nios2-elf/lib/mno-hw-mul\libsmallc.a(lib_a-int_errno.o)
                                0x177 (size before relaxing)
 .debug_str     0x000009ee       0x37 c:/altera/11.0sp1/nios2eds/bin/gnu/h-i686-mingw32/bin/../lib/gcc/nios2-elf/4.1.2/mno-hw-mul\libgcc.a(lib2-mul.o)
                                0x175 (size before relaxing)
 .debug_str     0x00000a25      0x155 ../Verin_Boutton_Anemo_Compas_bsp/\libhal_bsp.a(alt_load.o)
                                0x1ea (size before relaxing)
 .debug_str     0x00000b7a       0x70 ../Verin_Boutton_Anemo_Compas_bsp/\libhal_bsp.a(alt_main.o)
                                0x16e (size before relaxing)
 .debug_str     0x00000bea       0x4c ../Verin_Boutton_Anemo_Compas_bsp/\libhal_bsp.a(alt_putstr.o)
                                0x145 (size before relaxing)
 .debug_str     0x00000c36       0x27 ../Verin_Boutton_Anemo_Compas_bsp/\libhal_bsp.a(alt_usleep.o)
                                0x120 (size before relaxing)
 .debug_str     0x00000c5d       0x2c ../Verin_Boutton_Anemo_Compas_bsp/\libhal_bsp.a(alt_write.o)
                                0x19a (size before relaxing)
 .debug_str     0x00000c89       0x85 ../Verin_Boutton_Anemo_Compas_bsp/\libhal_bsp.a(alt_sys_init.o)
                                0x1e3 (size before relaxing)
 .debug_str     0x00000d0e       0x4a ../Verin_Boutton_Anemo_Compas_bsp/\libhal_bsp.a(altera_avalon_jtag_uart_write.o)
                                0x1e6 (size before relaxing)
 .debug_str     0x00000d58       0x42 ../Verin_Boutton_Anemo_Compas_bsp/\libhal_bsp.a(alt_busy_sleep.o)
                                0x143 (size before relaxing)
 .debug_str     0x00000d9a       0x34 ../Verin_Boutton_Anemo_Compas_bsp/\libhal_bsp.a(alt_dcache_flush_all.o)
                                0x12d (size before relaxing)
 .debug_str     0x00000dce       0x14 ../Verin_Boutton_Anemo_Compas_bsp/\libhal_bsp.a(alt_errno.o)
                                0x11d (size before relaxing)
 .debug_str     0x00000de2       0x34 ../Verin_Boutton_Anemo_Compas_bsp/\libhal_bsp.a(alt_icache_flush_all.o)
                                0x12d (size before relaxing)
 .debug_str     0x00000e16       0x31 ../Verin_Boutton_Anemo_Compas_bsp/\libhal_bsp.a(altera_nios2_irq.o)
                                0x12a (size before relaxing)

.debug_loc      0x00000000      0xe4e
 *(.debug_loc)
 .debug_loc     0x00000000       0x66 obj/hello_world_small.o
 .debug_loc     0x00000066      0x1d2 c:/altera/11.0sp1/nios2eds/bin/gnu/h-i686-mingw32/bin/../lib/gcc/nios2-elf/4.1.2/mno-hw-mul\libgcc.a(lib2-divmod.o)
 .debug_loc     0x00000238       0x8d c:/altera/11.0sp1/nios2eds/bin/gnu/h-i686-mingw32/bin/../lib/gcc/nios2-elf/4.1.2/../../../../nios2-elf/lib/mno-hw-mul\libsmallc.a(lib_a-printf.o)
 .debug_loc     0x000002c5       0xa2 c:/altera/11.0sp1/nios2eds/bin/gnu/h-i686-mingw32/bin/../lib/gcc/nios2-elf/4.1.2/../../../../nios2-elf/lib/mno-hw-mul\libsmallc.a(lib_a-puts.o)
 .debug_loc     0x00000367       0x1e c:/altera/11.0sp1/nios2eds/bin/gnu/h-i686-mingw32/bin/../lib/gcc/nios2-elf/4.1.2/../../../../nios2-elf/lib/mno-hw-mul\libsmallc.a(lib_a-strlen.o)
 .debug_loc     0x00000385      0x6a6 c:/altera/11.0sp1/nios2eds/bin/gnu/h-i686-mingw32/bin/../lib/gcc/nios2-elf/4.1.2/../../../../nios2-elf/lib/mno-hw-mul\libsmallc.a(lib_a-vfprintf.o)
 .debug_loc     0x00000a2b      0x162 c:/altera/11.0sp1/nios2eds/bin/gnu/h-i686-mingw32/bin/../lib/gcc/nios2-elf/4.1.2/../../../../nios2-elf/lib/mno-hw-mul\libsmallc.a(lib_a-fvwrite_small_dev.o)
 .debug_loc     0x00000b8d       0x97 c:/altera/11.0sp1/nios2eds/bin/gnu/h-i686-mingw32/bin/../lib/gcc/nios2-elf/4.1.2/../../../../nios2-elf/lib/mno-hw-mul\libsmallc.a(lib_a-writer.o)
 .debug_loc     0x00000c24       0x4f c:/altera/11.0sp1/nios2eds/bin/gnu/h-i686-mingw32/bin/../lib/gcc/nios2-elf/4.1.2/mno-hw-mul\libgcc.a(lib2-mul.o)
 .debug_loc     0x00000c73       0x1f ../Verin_Boutton_Anemo_Compas_bsp/\libhal_bsp.a(alt_load.o)
 .debug_loc     0x00000c92       0x1f ../Verin_Boutton_Anemo_Compas_bsp/\libhal_bsp.a(alt_main.o)
 .debug_loc     0x00000cb1       0x48 ../Verin_Boutton_Anemo_Compas_bsp/\libhal_bsp.a(alt_putstr.o)
 .debug_loc     0x00000cf9       0x13 ../Verin_Boutton_Anemo_Compas_bsp/\libhal_bsp.a(alt_usleep.o)
 .debug_loc     0x00000d0c       0x9a ../Verin_Boutton_Anemo_Compas_bsp/\libhal_bsp.a(alt_write.o)
 .debug_loc     0x00000da6       0x32 ../Verin_Boutton_Anemo_Compas_bsp/\libhal_bsp.a(alt_sys_init.o)
 .debug_loc     0x00000dd8       0x26 ../Verin_Boutton_Anemo_Compas_bsp/\libhal_bsp.a(altera_avalon_jtag_uart_write.o)
 .debug_loc     0x00000dfe       0x50 ../Verin_Boutton_Anemo_Compas_bsp/\libhal_bsp.a(alt_busy_sleep.o)

.debug_macinfo
 *(.debug_macinfo)

.debug_weaknames
 *(.debug_weaknames)

.debug_funcnames
 *(.debug_funcnames)

.debug_typenames
 *(.debug_typenames)

.debug_varnames
 *(.debug_varnames)

.debug_alt_sim_info
                0x00000000       0x40
 *(.debug_alt_sim_info)
 .debug_alt_sim_info
                0x00000000       0x10 ../Verin_Boutton_Anemo_Compas_bsp//obj/HAL/src/crt0.o
 .debug_alt_sim_info
                0x00000010       0x30 ../Verin_Boutton_Anemo_Compas_bsp/\libhal_bsp.a(alt_busy_sleep.o)
                0x0000ce20                __alt_data_end = 0xce20
                0x0000ce20                PROVIDE (__alt_stack_pointer, __alt_data_end)
                0x000093f0                PROVIDE (__alt_stack_limit, __alt_stack_base)
                0x000093f0                PROVIDE (__alt_heap_start, end)
                0x0000ce20                PROVIDE (__alt_heap_limit, 0xce20)
OUTPUT(Verin_Boutton_Anemo_Compas.elf elf32-littlenios2)

.debug_ranges   0x00000000       0xc8
 .debug_ranges  0x00000000       0x20 ../Verin_Boutton_Anemo_Compas_bsp//obj/HAL/src/crt0.o
 .debug_ranges  0x00000020       0xa8 c:/altera/11.0sp1/nios2eds/bin/gnu/h-i686-mingw32/bin/../lib/gcc/nios2-elf/4.1.2/../../../../nios2-elf/lib/mno-hw-mul\libsmallc.a(lib_a-vfprintf.o)
