------------------------------------------------------------
TimeQuest Timing Analyzer Summary
------------------------------------------------------------

Type  : Slow Model Setup 'clk_50M'
Slack : -5.484
TNS   : -132.158

Type  : Slow Model Setup 'in_freq_anemometre'
Slack : -0.810
TNS   : -3.863

Type  : Slow Model Hold 'clk_50M'
Slack : 0.391
TNS   : 0.000

Type  : Slow Model Hold 'in_freq_anemometre'
Slack : 0.391
TNS   : 0.000

Type  : Slow Model Recovery 'in_freq_anemometre'
Slack : -0.618
TNS   : -4.944

Type  : Slow Model Removal 'in_freq_anemometre'
Slack : 0.823
TNS   : 0.000

Type  : Slow Model Minimum Pulse Width 'clk_50M'
Slack : -1.380
TNS   : -61.380

Type  : Slow Model Minimum Pulse Width 'in_freq_anemometre'
Slack : -1.222
TNS   : -9.222

Type  : Fast Model Setup 'clk_50M'
Slack : -2.003
TNS   : -35.918

Type  : Fast Model Setup 'in_freq_anemometre'
Slack : 0.193
TNS   : 0.000

Type  : Fast Model Hold 'clk_50M'
Slack : 0.215
TNS   : 0.000

Type  : Fast Model Hold 'in_freq_anemometre'
Slack : 0.215
TNS   : 0.000

Type  : Fast Model Recovery 'in_freq_anemometre'
Slack : -0.017
TNS   : -0.136

Type  : Fast Model Removal 'in_freq_anemometre'
Slack : 0.674
TNS   : 0.000

Type  : Fast Model Minimum Pulse Width 'clk_50M'
Slack : -1.380
TNS   : -61.380

Type  : Fast Model Minimum Pulse Width 'in_freq_anemometre'
Slack : -1.222
TNS   : -9.222

------------------------------------------------------------
