Archive member included because of file (symbol)

c:/altera/11.0sp1/nios2eds/bin/gnu/h-i686-mingw32/bin/../lib/gcc/nios2-elf/4.1.2/../../../../nios2-elf/lib/mno-hw-mul\libsmallc.a(lib_a-puts.o)
                              obj/hello_world_small.o (puts)
c:/altera/11.0sp1/nios2eds/bin/gnu/h-i686-mingw32/bin/../lib/gcc/nios2-elf/4.1.2/../../../../nios2-elf/lib/mno-hw-mul\libsmallc.a(lib_a-strlen.o)
                              c:/altera/11.0sp1/nios2eds/bin/gnu/h-i686-mingw32/bin/../lib/gcc/nios2-elf/4.1.2/../../../../nios2-elf/lib/mno-hw-mul\libsmallc.a(lib_a-puts.o) (strlen)
c:/altera/11.0sp1/nios2eds/bin/gnu/h-i686-mingw32/bin/../lib/gcc/nios2-elf/4.1.2/../../../../nios2-elf/lib/mno-hw-mul\libsmallc.a(lib_a-fvwrite_small_dev.o)
                              c:/altera/11.0sp1/nios2eds/bin/gnu/h-i686-mingw32/bin/../lib/gcc/nios2-elf/4.1.2/../../../../nios2-elf/lib/mno-hw-mul\libsmallc.a(lib_a-puts.o) (__sfvwrite_small_dev)
c:/altera/11.0sp1/nios2eds/bin/gnu/h-i686-mingw32/bin/../lib/gcc/nios2-elf/4.1.2/../../../../nios2-elf/lib/mno-hw-mul\libsmallc.a(lib_a-impure.o)
                              c:/altera/11.0sp1/nios2eds/bin/gnu/h-i686-mingw32/bin/../lib/gcc/nios2-elf/4.1.2/../../../../nios2-elf/lib/mno-hw-mul\libsmallc.a(lib_a-puts.o) (_impure_ptr)
c:/altera/11.0sp1/nios2eds/bin/gnu/h-i686-mingw32/bin/../lib/gcc/nios2-elf/4.1.2/../../../../nios2-elf/lib/mno-hw-mul\libsmallc.a(lib_a-writer.o)
                              c:/altera/11.0sp1/nios2eds/bin/gnu/h-i686-mingw32/bin/../lib/gcc/nios2-elf/4.1.2/../../../../nios2-elf/lib/mno-hw-mul\libsmallc.a(lib_a-fvwrite_small_dev.o) (_write_r)
c:/altera/11.0sp1/nios2eds/bin/gnu/h-i686-mingw32/bin/../lib/gcc/nios2-elf/4.1.2/../../../../nios2-elf/lib/mno-hw-mul\libsmallc.a(lib_a-int_errno.o)
                              c:/altera/11.0sp1/nios2eds/bin/gnu/h-i686-mingw32/bin/../lib/gcc/nios2-elf/4.1.2/../../../../nios2-elf/lib/mno-hw-mul\libsmallc.a(lib_a-writer.o) (errno)
../LED_bsp/\libhal_bsp.a(alt_load.o)
                              ../LED_bsp//obj/HAL/src/crt0.o (alt_load)
../LED_bsp/\libhal_bsp.a(alt_main.o)
                              ../LED_bsp//obj/HAL/src/crt0.o (alt_main)
../LED_bsp/\libhal_bsp.a(alt_write.o)
                              c:/altera/11.0sp1/nios2eds/bin/gnu/h-i686-mingw32/bin/../lib/gcc/nios2-elf/4.1.2/../../../../nios2-elf/lib/mno-hw-mul\libsmallc.a(lib_a-writer.o) (write)
../LED_bsp/\libhal_bsp.a(alt_sys_init.o)
                              ../LED_bsp/\libhal_bsp.a(alt_main.o) (alt_sys_init)
../LED_bsp/\libhal_bsp.a(altera_avalon_jtag_uart_write.o)
                              ../LED_bsp/\libhal_bsp.a(alt_write.o) (altera_avalon_jtag_uart_write)
../LED_bsp/\libhal_bsp.a(alt_dcache_flush_all.o)
                              ../LED_bsp/\libhal_bsp.a(alt_load.o) (alt_dcache_flush_all)
../LED_bsp/\libhal_bsp.a(alt_errno.o)
                              ../LED_bsp/\libhal_bsp.a(alt_write.o) (alt_errno)
../LED_bsp/\libhal_bsp.a(alt_icache_flush_all.o)
                              ../LED_bsp/\libhal_bsp.a(alt_load.o) (alt_icache_flush_all)
../LED_bsp/\libhal_bsp.a(altera_nios2_irq.o)
                              ../LED_bsp/\libhal_bsp.a(alt_sys_init.o) (altera_nios2_irq_init)

Allocating common symbols
Common symbol       size              file

errno               0x4               c:/altera/11.0sp1/nios2eds/bin/gnu/h-i686-mingw32/bin/../lib/gcc/nios2-elf/4.1.2/../../../../nios2-elf/lib/mno-hw-mul\libsmallc.a(lib_a-int_errno.o)

Memory Configuration

Name             Origin             Length             Attributes
reset            0x00004000         0x00000020
onchip_memory2_0 0x00004020         0x00003e60
*default*        0x00000000         0xffffffff

Linker script and memory map

LOAD ../LED_bsp//obj/HAL/src/crt0.o
                0x0000400c                exit = _exit
LOAD obj/hello_world_small.o
LOAD c:/altera/11.0sp1/nios2eds/bin/gnu/h-i686-mingw32/bin/../lib/gcc/nios2-elf/4.1.2/../../../../nios2-elf/lib/mno-hw-mul\libstdc++.a
LOAD c:/altera/11.0sp1/nios2eds/bin/gnu/h-i686-mingw32/bin/../lib/gcc/nios2-elf/4.1.2/../../../../nios2-elf/lib/mno-hw-mul\libm.a
LOAD c:/altera/11.0sp1/nios2eds/bin/gnu/h-i686-mingw32/bin/../lib/gcc/nios2-elf/4.1.2/mno-hw-mul\libgcc.a
START GROUP
LOAD c:/altera/11.0sp1/nios2eds/bin/gnu/h-i686-mingw32/bin/../lib/gcc/nios2-elf/4.1.2/../../../../nios2-elf/lib/mno-hw-mul\libsmallc.a
LOAD c:/altera/11.0sp1/nios2eds/bin/gnu/h-i686-mingw32/bin/../lib/gcc/nios2-elf/4.1.2/mno-hw-mul\libgcc.a
LOAD ../LED_bsp/\libhal_bsp.a
END GROUP
LOAD c:/altera/11.0sp1/nios2eds/bin/gnu/h-i686-mingw32/bin/../lib/gcc/nios2-elf/4.1.2/mno-hw-mul\libgcc.a
                0x00004000                __alt_mem_onchip_memory2_0 = 0x4000

.entry          0x00004000       0x20
 *(.entry)
 .entry         0x00004000       0x20 ../LED_bsp//obj/HAL/src/crt0.o
                0x00004000                __reset
                0x0000400c                _exit

.exceptions     0x00004020        0x0
                0x00004020                PROVIDE (__ram_exceptions_start, ABSOLUTE (.))
                0x00004020                . = ALIGN (0x20)
 *(.irq)
 *(.exceptions.entry.label)
 *(.exceptions.entry.user)
 *(.exceptions.entry)
 *(.exceptions.irqtest.user)
 *(.exceptions.irqtest)
 *(.exceptions.irqhandler.user)
 *(.exceptions.irqhandler)
 *(.exceptions.irqreturn.user)
 *(.exceptions.irqreturn)
 *(.exceptions.notirq.label)
 *(.exceptions.notirq.user)
 *(.exceptions.notirq)
 *(.exceptions.soft.user)
 *(.exceptions.soft)
 *(.exceptions.unknown.user)
 *(.exceptions.unknown)
 *(.exceptions.exit.label)
 *(.exceptions.exit.user)
 *(.exceptions.exit)
 *(.exceptions)
                0x00004020                PROVIDE (__ram_exceptions_end, ABSOLUTE (.))
                0x00004020                PROVIDE (__flash_exceptions_start, LOADADDR (.exceptions))

.text           0x00004020      0x3f4
                0x00004020                PROVIDE (stext, ABSOLUTE (.))
 *(.interp)
 *(.hash)
 *(.dynsym)
 *(.dynstr)
 *(.gnu.version)
 *(.gnu.version_d)
 *(.gnu.version_r)
 *(.rel.init)
 *(.rela.init)
 *(.rel.text .rel.text.* .rel.gnu.linkonce.t.*)
 *(.rela.text .rela.text.* .rela.gnu.linkonce.t.*)
 *(.rel.fini)
 *(.rela.fini)
 *(.rel.rodata .rel.rodata.* .rel.gnu.linkonce.r.*)
 *(.rela.rodata .rela.rodata.* .rela.gnu.linkonce.r.*)
 *(.rel.data .rel.data.* .rel.gnu.linkonce.d.*)
 *(.rela.data .rela.data.* .rela.gnu.linkonce.d.*)
 *(.rel.tdata .rel.tdata.* .rel.gnu.linkonce.td.*)
 *(.rela.tdata .rela.tdata.* .rela.gnu.linkonce.td.*)
 *(.rel.tbss .rel.tbss.* .rel.gnu.linkonce.tb.*)
 *(.rela.tbss .rela.tbss.* .rela.gnu.linkonce.tb.*)
 *(.rel.ctors)
 *(.rela.ctors)
 *(.rel.dtors)
 *(.rela.dtors)
 *(.rel.got)
 *(.rela.got)
 *(.rel.sdata .rel.sdata.* .rel.gnu.linkonce.s.*)
 *(.rela.sdata .rela.sdata.* .rela.gnu.linkonce.s.*)
 *(.rel.sbss .rel.sbss.* .rel.gnu.linkonce.sb.*)
 *(.rela.sbss .rela.sbss.* .rela.gnu.linkonce.sb.*)
 *(.rel.sdata2 .rel.sdata2.* .rel.gnu.linkonce.s2.*)
 *(.rela.sdata2 .rela.sdata2.* .rela.gnu.linkonce.s2.*)
 *(.rel.sbss2 .rel.sbss2.* .rel.gnu.linkonce.sb2.*)
 *(.rela.sbss2 .rela.sbss2.* .rela.gnu.linkonce.sb2.*)
 *(.rel.bss .rel.bss.* .rel.gnu.linkonce.b.*)
 *(.rela.bss .rela.bss.* .rela.gnu.linkonce.b.*)
 *(.rel.plt)
 *(.rela.plt)
 *(.rel.dyn)
 *(.init)
 *(.plt)
 *(.text .stub .text.* .gnu.linkonce.t.*)
 .text          0x00004020       0x3c ../LED_bsp//obj/HAL/src/crt0.o
                0x00004020                _start
 .text          0x0000405c       0x28 obj/hello_world_small.o
                0x0000405c                main
 .text          0x00004084       0xa4 c:/altera/11.0sp1/nios2eds/bin/gnu/h-i686-mingw32/bin/../lib/gcc/nios2-elf/4.1.2/../../../../nios2-elf/lib/mno-hw-mul\libsmallc.a(lib_a-puts.o)
                0x00004084                _puts_r
                0x00004114                puts
 .text          0x00004128       0x20 c:/altera/11.0sp1/nios2eds/bin/gnu/h-i686-mingw32/bin/../lib/gcc/nios2-elf/4.1.2/../../../../nios2-elf/lib/mno-hw-mul\libsmallc.a(lib_a-strlen.o)
                0x00004128                strlen
 .text          0x00004148       0xbc c:/altera/11.0sp1/nios2eds/bin/gnu/h-i686-mingw32/bin/../lib/gcc/nios2-elf/4.1.2/../../../../nios2-elf/lib/mno-hw-mul\libsmallc.a(lib_a-fvwrite_small_dev.o)
                0x00004148                __sfvwrite_small_dev
 .text          0x00004204        0x0 c:/altera/11.0sp1/nios2eds/bin/gnu/h-i686-mingw32/bin/../lib/gcc/nios2-elf/4.1.2/../../../../nios2-elf/lib/mno-hw-mul\libsmallc.a(lib_a-impure.o)
 .text          0x00004204       0x78 c:/altera/11.0sp1/nios2eds/bin/gnu/h-i686-mingw32/bin/../lib/gcc/nios2-elf/4.1.2/../../../../nios2-elf/lib/mno-hw-mul\libsmallc.a(lib_a-writer.o)
                0x00004204                _write_r
 .text          0x0000427c        0x0 c:/altera/11.0sp1/nios2eds/bin/gnu/h-i686-mingw32/bin/../lib/gcc/nios2-elf/4.1.2/../../../../nios2-elf/lib/mno-hw-mul\libsmallc.a(lib_a-int_errno.o)
 .text          0x0000427c       0x8c ../LED_bsp/\libhal_bsp.a(alt_load.o)
                0x0000429c                alt_load
 .text          0x00004308       0x2c ../LED_bsp/\libhal_bsp.a(alt_main.o)
                0x00004308                alt_main
 .text          0x00004334       0x78 ../LED_bsp/\libhal_bsp.a(alt_write.o)
                0x00004334                write
 .text          0x000043ac       0x24 ../LED_bsp/\libhal_bsp.a(alt_sys_init.o)
                0x000043ac                alt_sys_init
                0x000043b0                alt_irq_init
 .text          0x000043d0       0x34 ../LED_bsp/\libhal_bsp.a(altera_avalon_jtag_uart_write.o)
                0x000043d0                altera_avalon_jtag_uart_write
 .text          0x00004404        0x4 ../LED_bsp/\libhal_bsp.a(alt_dcache_flush_all.o)
                0x00004404                alt_dcache_flush_all
 .text          0x00004408        0x0 ../LED_bsp/\libhal_bsp.a(alt_errno.o)
 .text          0x00004408        0x4 ../LED_bsp/\libhal_bsp.a(alt_icache_flush_all.o)
                0x00004408                alt_icache_flush_all
 .text          0x0000440c        0x8 ../LED_bsp/\libhal_bsp.a(altera_nios2_irq.o)
                0x0000440c                altera_nios2_irq_init
 *(.gnu.warning.*)
 *(.fini)
                0x00004414                PROVIDE (__etext, ABSOLUTE (.))
                0x00004414                PROVIDE (_etext, ABSOLUTE (.))
                0x00004414                PROVIDE (etext, ABSOLUTE (.))
 *(.eh_frame_hdr)
                0x00004414                . = ALIGN (0x4)
                0x00004414                PROVIDE (__preinit_array_start, ABSOLUTE (.))
 *(.preinit_array)
                0x00004414                PROVIDE (__preinit_array_end, ABSOLUTE (.))
                0x00004414                PROVIDE (__init_array_start, ABSOLUTE (.))
 *(.init_array)
                0x00004414                PROVIDE (__init_array_end, ABSOLUTE (.))
                0x00004414                PROVIDE (__fini_array_start, ABSOLUTE (.))
 *(.fini_array)
                0x00004414                PROVIDE (__fini_array_end, ABSOLUTE (.))
 *(.eh_frame)
 *(.gcc_except_table)
 *(.dynamic)
                0x00004414                PROVIDE (__CTOR_LIST__, ABSOLUTE (.))
 *(.ctors)
 *(SORT(.ctors.*))
                0x00004414                PROVIDE (__CTOR_END__, ABSOLUTE (.))
                0x00004414                PROVIDE (__DTOR_LIST__, ABSOLUTE (.))
 *(.dtors)
 *(SORT(.dtors.*))
                0x00004414                PROVIDE (__DTOR_END__, ABSOLUTE (.))
 *(.jcr)
                0x00004414                . = ALIGN (0x4)

.rodata         0x00004414       0x18
                0x00004414                PROVIDE (__ram_rodata_start, ABSOLUTE (.))
                0x00004414                . = ALIGN (0x4)
 *(.rodata .rodata.* .gnu.linkonce.r.*)
 .rodata.str1.4
                0x00004414       0x14 obj/hello_world_small.o
 .rodata.str1.4
                0x00004428        0x4 c:/altera/11.0sp1/nios2eds/bin/gnu/h-i686-mingw32/bin/../lib/gcc/nios2-elf/4.1.2/../../../../nios2-elf/lib/mno-hw-mul\libsmallc.a(lib_a-puts.o)
 *(.rodata1)
                0x0000442c                . = ALIGN (0x4)
                0x0000442c                PROVIDE (__ram_rodata_end, ABSOLUTE (.))
                0x00004414                PROVIDE (__flash_rodata_start, LOADADDR (.rodata))

.rwdata         0x0000442c       0xf0 load address 0x0000451c
                0x0000442c                PROVIDE (__ram_rwdata_start, ABSOLUTE (.))
                0x0000442c                . = ALIGN (0x4)
 *(.got.plt)
 *(.got)
 *(.data1)
 *(.data .data.* .gnu.linkonce.d.*)
 .data          0x0000442c        0x0 ../LED_bsp//obj/HAL/src/crt0.o
 .data          0x0000442c        0x0 obj/hello_world_small.o
 .data          0x0000442c        0x0 c:/altera/11.0sp1/nios2eds/bin/gnu/h-i686-mingw32/bin/../lib/gcc/nios2-elf/4.1.2/../../../../nios2-elf/lib/mno-hw-mul\libsmallc.a(lib_a-puts.o)
 .data          0x0000442c        0x0 c:/altera/11.0sp1/nios2eds/bin/gnu/h-i686-mingw32/bin/../lib/gcc/nios2-elf/4.1.2/../../../../nios2-elf/lib/mno-hw-mul\libsmallc.a(lib_a-strlen.o)
 .data          0x0000442c        0x0 c:/altera/11.0sp1/nios2eds/bin/gnu/h-i686-mingw32/bin/../lib/gcc/nios2-elf/4.1.2/../../../../nios2-elf/lib/mno-hw-mul\libsmallc.a(lib_a-fvwrite_small_dev.o)
 .data          0x0000442c       0xe0 c:/altera/11.0sp1/nios2eds/bin/gnu/h-i686-mingw32/bin/../lib/gcc/nios2-elf/4.1.2/../../../../nios2-elf/lib/mno-hw-mul\libsmallc.a(lib_a-impure.o)
 .data          0x0000450c        0x0 c:/altera/11.0sp1/nios2eds/bin/gnu/h-i686-mingw32/bin/../lib/gcc/nios2-elf/4.1.2/../../../../nios2-elf/lib/mno-hw-mul\libsmallc.a(lib_a-writer.o)
 .data          0x0000450c        0x0 c:/altera/11.0sp1/nios2eds/bin/gnu/h-i686-mingw32/bin/../lib/gcc/nios2-elf/4.1.2/../../../../nios2-elf/lib/mno-hw-mul\libsmallc.a(lib_a-int_errno.o)
 .data          0x0000450c        0x0 ../LED_bsp/\libhal_bsp.a(alt_load.o)
 .data          0x0000450c        0x0 ../LED_bsp/\libhal_bsp.a(alt_main.o)
 .data          0x0000450c        0x0 ../LED_bsp/\libhal_bsp.a(alt_write.o)
 .data          0x0000450c        0x0 ../LED_bsp/\libhal_bsp.a(alt_sys_init.o)
 .data          0x0000450c        0x0 ../LED_bsp/\libhal_bsp.a(altera_avalon_jtag_uart_write.o)
 .data          0x0000450c        0x0 ../LED_bsp/\libhal_bsp.a(alt_dcache_flush_all.o)
 .data          0x0000450c        0x0 ../LED_bsp/\libhal_bsp.a(alt_errno.o)
 .data          0x0000450c        0x0 ../LED_bsp/\libhal_bsp.a(alt_icache_flush_all.o)
 .data          0x0000450c        0x0 ../LED_bsp/\libhal_bsp.a(altera_nios2_irq.o)
                0x0000c50c                _gp = ABSOLUTE ((. + 0x8000))
                0x0000c50c                PROVIDE (gp, _gp)
 *(.rwdata .rwdata.*)
 *(.sdata .sdata.* .gnu.linkonce.s.*)
 .sdata         0x0000450c        0x8 c:/altera/11.0sp1/nios2eds/bin/gnu/h-i686-mingw32/bin/../lib/gcc/nios2-elf/4.1.2/../../../../nios2-elf/lib/mno-hw-mul\libsmallc.a(lib_a-impure.o)
                0x0000450c                _impure_ptr
                0x00004510                _global_impure_ptr
 .sdata         0x00004514        0x4 ../LED_bsp/\libhal_bsp.a(alt_sys_init.o)
                0x00004514                jtag_uart_0
 .sdata         0x00004518        0x4 ../LED_bsp/\libhal_bsp.a(alt_errno.o)
                0x00004518                alt_errno
 *(.sdata2 .sdata2.* .gnu.linkonce.s2.*)
                0x0000451c                . = ALIGN (0x4)
                0x0000451c                _edata = ABSOLUTE (.)
                0x0000451c                PROVIDE (edata, ABSOLUTE (.))
                0x0000451c                PROVIDE (__ram_rwdata_end, ABSOLUTE (.))
                0x0000451c                PROVIDE (__flash_rwdata_start, LOADADDR (.rwdata))

.bss            0x0000460c       0x10
                0x0000460c                __bss_start = ABSOLUTE (.)
                0x0000460c                PROVIDE (__sbss_start, ABSOLUTE (.))
                0x0000460c                PROVIDE (___sbss_start, ABSOLUTE (.))
 *(.dynsbss)
 *(.sbss .sbss.* .gnu.linkonce.sb.*)
 .sbss          0x0000460c        0x4 c:/altera/11.0sp1/nios2eds/bin/gnu/h-i686-mingw32/bin/../lib/gcc/nios2-elf/4.1.2/../../../../nios2-elf/lib/mno-hw-mul\libsmallc.a(lib_a-int_errno.o)
                0x0000460c                errno
 .sbss          0x00004610        0xc ../LED_bsp/\libhal_bsp.a(alt_main.o)
                0x00004610                alt_argc
                0x00004614                alt_argv
                0x00004618                alt_envp
 *(.sbss2 .sbss2.* .gnu.linkonce.sb2.*)
 *(.scommon)
                0x0000461c                PROVIDE (__sbss_end, ABSOLUTE (.))
                0x0000461c                PROVIDE (___sbss_end, ABSOLUTE (.))
 *(.dynbss)
 *(.bss .bss.* .gnu.linkonce.b.*)
 .bss           0x0000461c        0x0 ../LED_bsp//obj/HAL/src/crt0.o
 .bss           0x0000461c        0x0 obj/hello_world_small.o
 .bss           0x0000461c        0x0 c:/altera/11.0sp1/nios2eds/bin/gnu/h-i686-mingw32/bin/../lib/gcc/nios2-elf/4.1.2/../../../../nios2-elf/lib/mno-hw-mul\libsmallc.a(lib_a-puts.o)
 .bss           0x0000461c        0x0 c:/altera/11.0sp1/nios2eds/bin/gnu/h-i686-mingw32/bin/../lib/gcc/nios2-elf/4.1.2/../../../../nios2-elf/lib/mno-hw-mul\libsmallc.a(lib_a-strlen.o)
 .bss           0x0000461c        0x0 c:/altera/11.0sp1/nios2eds/bin/gnu/h-i686-mingw32/bin/../lib/gcc/nios2-elf/4.1.2/../../../../nios2-elf/lib/mno-hw-mul\libsmallc.a(lib_a-fvwrite_small_dev.o)
 .bss           0x0000461c        0x0 c:/altera/11.0sp1/nios2eds/bin/gnu/h-i686-mingw32/bin/../lib/gcc/nios2-elf/4.1.2/../../../../nios2-elf/lib/mno-hw-mul\libsmallc.a(lib_a-impure.o)
 .bss           0x0000461c        0x0 c:/altera/11.0sp1/nios2eds/bin/gnu/h-i686-mingw32/bin/../lib/gcc/nios2-elf/4.1.2/../../../../nios2-elf/lib/mno-hw-mul\libsmallc.a(lib_a-writer.o)
 .bss           0x0000461c        0x0 c:/altera/11.0sp1/nios2eds/bin/gnu/h-i686-mingw32/bin/../lib/gcc/nios2-elf/4.1.2/../../../../nios2-elf/lib/mno-hw-mul\libsmallc.a(lib_a-int_errno.o)
 .bss           0x0000461c        0x0 ../LED_bsp/\libhal_bsp.a(alt_load.o)
 .bss           0x0000461c        0x0 ../LED_bsp/\libhal_bsp.a(alt_main.o)
 .bss           0x0000461c        0x0 ../LED_bsp/\libhal_bsp.a(alt_write.o)
 .bss           0x0000461c        0x0 ../LED_bsp/\libhal_bsp.a(alt_sys_init.o)
 .bss           0x0000461c        0x0 ../LED_bsp/\libhal_bsp.a(altera_avalon_jtag_uart_write.o)
 .bss           0x0000461c        0x0 ../LED_bsp/\libhal_bsp.a(alt_dcache_flush_all.o)
 .bss           0x0000461c        0x0 ../LED_bsp/\libhal_bsp.a(alt_errno.o)
 .bss           0x0000461c        0x0 ../LED_bsp/\libhal_bsp.a(alt_icache_flush_all.o)
 .bss           0x0000461c        0x0 ../LED_bsp/\libhal_bsp.a(altera_nios2_irq.o)
 *(COMMON)
                0x0000461c                . = ALIGN (0x4)
                0x0000461c                __bss_end = ABSOLUTE (.)

.onchip_memory2_0
                0x0000461c        0x0
                0x0000461c                PROVIDE (_alt_partition_onchip_memory2_0_start, ABSOLUTE (.))
 *(.onchip_memory2_0. onchip_memory2_0.*)
                0x0000461c                . = ALIGN (0x4)
                0x0000461c                PROVIDE (_alt_partition_onchip_memory2_0_end, ABSOLUTE (.))
                0x0000461c                _end = ABSOLUTE (.)
                0x0000461c                end = ABSOLUTE (.)
                0x0000461c                __alt_stack_base = ABSOLUTE (.)
                0x0000461c                PROVIDE (_alt_partition_onchip_memory2_0_load_addr, LOADADDR (.onchip_memory2_0))

.stab
 *(.stab)

.stabstr
 *(.stabstr)

.stab.excl
 *(.stab.excl)

.stab.exclstr
 *(.stab.exclstr)

.stab.index
 *(.stab.index)

.stab.indexstr
 *(.stab.indexstr)

.comment        0x00000000       0x26
 *(.comment)
 .comment       0x00000000       0x26 obj/hello_world_small.o
                                 0x27 (size before relaxing)
 .comment       0x00000000       0x27 c:/altera/11.0sp1/nios2eds/bin/gnu/h-i686-mingw32/bin/../lib/gcc/nios2-elf/4.1.2/../../../../nios2-elf/lib/mno-hw-mul\libsmallc.a(lib_a-puts.o)
 .comment       0x00000000       0x27 c:/altera/11.0sp1/nios2eds/bin/gnu/h-i686-mingw32/bin/../lib/gcc/nios2-elf/4.1.2/../../../../nios2-elf/lib/mno-hw-mul\libsmallc.a(lib_a-strlen.o)
 .comment       0x00000000       0x27 c:/altera/11.0sp1/nios2eds/bin/gnu/h-i686-mingw32/bin/../lib/gcc/nios2-elf/4.1.2/../../../../nios2-elf/lib/mno-hw-mul\libsmallc.a(lib_a-fvwrite_small_dev.o)
 .comment       0x00000000       0x27 c:/altera/11.0sp1/nios2eds/bin/gnu/h-i686-mingw32/bin/../lib/gcc/nios2-elf/4.1.2/../../../../nios2-elf/lib/mno-hw-mul\libsmallc.a(lib_a-impure.o)
 .comment       0x00000000       0x27 c:/altera/11.0sp1/nios2eds/bin/gnu/h-i686-mingw32/bin/../lib/gcc/nios2-elf/4.1.2/../../../../nios2-elf/lib/mno-hw-mul\libsmallc.a(lib_a-writer.o)
 .comment       0x00000000       0x27 c:/altera/11.0sp1/nios2eds/bin/gnu/h-i686-mingw32/bin/../lib/gcc/nios2-elf/4.1.2/../../../../nios2-elf/lib/mno-hw-mul\libsmallc.a(lib_a-int_errno.o)
 .comment       0x00000000       0x27 ../LED_bsp/\libhal_bsp.a(alt_load.o)
 .comment       0x00000000       0x27 ../LED_bsp/\libhal_bsp.a(alt_main.o)
 .comment       0x00000000       0x27 ../LED_bsp/\libhal_bsp.a(alt_write.o)
 .comment       0x00000000       0x27 ../LED_bsp/\libhal_bsp.a(alt_sys_init.o)
 .comment       0x00000000       0x27 ../LED_bsp/\libhal_bsp.a(altera_avalon_jtag_uart_write.o)
 .comment       0x00000000       0x27 ../LED_bsp/\libhal_bsp.a(alt_dcache_flush_all.o)
 .comment       0x00000000       0x27 ../LED_bsp/\libhal_bsp.a(alt_errno.o)
 .comment       0x00000000       0x27 ../LED_bsp/\libhal_bsp.a(alt_icache_flush_all.o)
 .comment       0x00000000       0x27 ../LED_bsp/\libhal_bsp.a(altera_nios2_irq.o)

.debug
 *(.debug)

.line
 *(.line)

.debug_srcinfo
 *(.debug_srcinfo)

.debug_sfnames
 *(.debug_sfnames)

.debug_aranges  0x00000000      0x1c8
 *(.debug_aranges)
 .debug_aranges
                0x00000000       0x28 ../LED_bsp//obj/HAL/src/crt0.o
 .debug_aranges
                0x00000028       0x20 obj/hello_world_small.o
 .debug_aranges
                0x00000048       0x20 c:/altera/11.0sp1/nios2eds/bin/gnu/h-i686-mingw32/bin/../lib/gcc/nios2-elf/4.1.2/../../../../nios2-elf/lib/mno-hw-mul\libsmallc.a(lib_a-puts.o)
 .debug_aranges
                0x00000068       0x20 c:/altera/11.0sp1/nios2eds/bin/gnu/h-i686-mingw32/bin/../lib/gcc/nios2-elf/4.1.2/../../../../nios2-elf/lib/mno-hw-mul\libsmallc.a(lib_a-strlen.o)
 .debug_aranges
                0x00000088       0x20 c:/altera/11.0sp1/nios2eds/bin/gnu/h-i686-mingw32/bin/../lib/gcc/nios2-elf/4.1.2/../../../../nios2-elf/lib/mno-hw-mul\libsmallc.a(lib_a-fvwrite_small_dev.o)
 .debug_aranges
                0x000000a8       0x20 c:/altera/11.0sp1/nios2eds/bin/gnu/h-i686-mingw32/bin/../lib/gcc/nios2-elf/4.1.2/../../../../nios2-elf/lib/mno-hw-mul\libsmallc.a(lib_a-writer.o)
 .debug_aranges
                0x000000c8       0x20 ../LED_bsp/\libhal_bsp.a(alt_load.o)
 .debug_aranges
                0x000000e8       0x20 ../LED_bsp/\libhal_bsp.a(alt_main.o)
 .debug_aranges
                0x00000108       0x20 ../LED_bsp/\libhal_bsp.a(alt_write.o)
 .debug_aranges
                0x00000128       0x20 ../LED_bsp/\libhal_bsp.a(alt_sys_init.o)
 .debug_aranges
                0x00000148       0x20 ../LED_bsp/\libhal_bsp.a(altera_avalon_jtag_uart_write.o)
 .debug_aranges
                0x00000168       0x20 ../LED_bsp/\libhal_bsp.a(alt_dcache_flush_all.o)
 .debug_aranges
                0x00000188       0x20 ../LED_bsp/\libhal_bsp.a(alt_icache_flush_all.o)
 .debug_aranges
                0x000001a8       0x20 ../LED_bsp/\libhal_bsp.a(altera_nios2_irq.o)

.debug_pubnames
                0x00000000      0x299
 *(.debug_pubnames)
 .debug_pubnames
                0x00000000       0x1b obj/hello_world_small.o
 .debug_pubnames
                0x0000001b       0x27 c:/altera/11.0sp1/nios2eds/bin/gnu/h-i686-mingw32/bin/../lib/gcc/nios2-elf/4.1.2/../../../../nios2-elf/lib/mno-hw-mul\libsmallc.a(lib_a-puts.o)
 .debug_pubnames
                0x00000042       0x1d c:/altera/11.0sp1/nios2eds/bin/gnu/h-i686-mingw32/bin/../lib/gcc/nios2-elf/4.1.2/../../../../nios2-elf/lib/mno-hw-mul\libsmallc.a(lib_a-strlen.o)
 .debug_pubnames
                0x0000005f       0x2b c:/altera/11.0sp1/nios2eds/bin/gnu/h-i686-mingw32/bin/../lib/gcc/nios2-elf/4.1.2/../../../../nios2-elf/lib/mno-hw-mul\libsmallc.a(lib_a-fvwrite_small_dev.o)
 .debug_pubnames
                0x0000008a       0x39 c:/altera/11.0sp1/nios2eds/bin/gnu/h-i686-mingw32/bin/../lib/gcc/nios2-elf/4.1.2/../../../../nios2-elf/lib/mno-hw-mul\libsmallc.a(lib_a-impure.o)
 .debug_pubnames
                0x000000c3       0x1f c:/altera/11.0sp1/nios2eds/bin/gnu/h-i686-mingw32/bin/../lib/gcc/nios2-elf/4.1.2/../../../../nios2-elf/lib/mno-hw-mul\libsmallc.a(lib_a-writer.o)
 .debug_pubnames
                0x000000e2       0x1c c:/altera/11.0sp1/nios2eds/bin/gnu/h-i686-mingw32/bin/../lib/gcc/nios2-elf/4.1.2/../../../../nios2-elf/lib/mno-hw-mul\libsmallc.a(lib_a-int_errno.o)
 .debug_pubnames
                0x000000fe       0x1f ../LED_bsp/\libhal_bsp.a(alt_load.o)
 .debug_pubnames
                0x0000011d       0x46 ../LED_bsp/\libhal_bsp.a(alt_main.o)
 .debug_pubnames
                0x00000163       0x1c ../LED_bsp/\libhal_bsp.a(alt_write.o)
 .debug_pubnames
                0x0000017f       0x44 ../LED_bsp/\libhal_bsp.a(alt_sys_init.o)
 .debug_pubnames
                0x000001c3       0x34 ../LED_bsp/\libhal_bsp.a(altera_avalon_jtag_uart_write.o)
 .debug_pubnames
                0x000001f7       0x2b ../LED_bsp/\libhal_bsp.a(alt_dcache_flush_all.o)
 .debug_pubnames
                0x00000222       0x20 ../LED_bsp/\libhal_bsp.a(alt_errno.o)
 .debug_pubnames
                0x00000242       0x2b ../LED_bsp/\libhal_bsp.a(alt_icache_flush_all.o)
 .debug_pubnames
                0x0000026d       0x2c ../LED_bsp/\libhal_bsp.a(altera_nios2_irq.o)

.debug_info     0x00000000     0x2568
 *(.debug_info .gnu.linkonce.wi.*)
 .debug_info    0x00000000       0x89 ../LED_bsp//obj/HAL/src/crt0.o
 .debug_info    0x00000089       0x92 obj/hello_world_small.o
 .debug_info    0x0000011b      0x685 c:/altera/11.0sp1/nios2eds/bin/gnu/h-i686-mingw32/bin/../lib/gcc/nios2-elf/4.1.2/../../../../nios2-elf/lib/mno-hw-mul\libsmallc.a(lib_a-puts.o)
 .debug_info    0x000007a0       0xc2 c:/altera/11.0sp1/nios2eds/bin/gnu/h-i686-mingw32/bin/../lib/gcc/nios2-elf/4.1.2/../../../../nios2-elf/lib/mno-hw-mul\libsmallc.a(lib_a-strlen.o)
 .debug_info    0x00000862      0x68e c:/altera/11.0sp1/nios2eds/bin/gnu/h-i686-mingw32/bin/../lib/gcc/nios2-elf/4.1.2/../../../../nios2-elf/lib/mno-hw-mul\libsmallc.a(lib_a-fvwrite_small_dev.o)
 .debug_info    0x00000ef0      0x636 c:/altera/11.0sp1/nios2eds/bin/gnu/h-i686-mingw32/bin/../lib/gcc/nios2-elf/4.1.2/../../../../nios2-elf/lib/mno-hw-mul\libsmallc.a(lib_a-impure.o)
 .debug_info    0x00001526      0x68c c:/altera/11.0sp1/nios2eds/bin/gnu/h-i686-mingw32/bin/../lib/gcc/nios2-elf/4.1.2/../../../../nios2-elf/lib/mno-hw-mul\libsmallc.a(lib_a-writer.o)
 .debug_info    0x00001bb2       0x8c c:/altera/11.0sp1/nios2eds/bin/gnu/h-i686-mingw32/bin/../lib/gcc/nios2-elf/4.1.2/../../../../nios2-elf/lib/mno-hw-mul\libsmallc.a(lib_a-int_errno.o)
 .debug_info    0x00001c3e      0x12e ../LED_bsp/\libhal_bsp.a(alt_load.o)
 .debug_info    0x00001d6c      0x125 ../LED_bsp/\libhal_bsp.a(alt_main.o)
 .debug_info    0x00001e91      0x179 ../LED_bsp/\libhal_bsp.a(alt_write.o)
 .debug_info    0x0000200a      0x17d ../LED_bsp/\libhal_bsp.a(alt_sys_init.o)
 .debug_info    0x00002187      0x18f ../LED_bsp/\libhal_bsp.a(altera_avalon_jtag_uart_write.o)
 .debug_info    0x00002316       0x8d ../LED_bsp/\libhal_bsp.a(alt_dcache_flush_all.o)
 .debug_info    0x000023a3       0xab ../LED_bsp/\libhal_bsp.a(alt_errno.o)
 .debug_info    0x0000244e       0x8d ../LED_bsp/\libhal_bsp.a(alt_icache_flush_all.o)
 .debug_info    0x000024db       0x8d ../LED_bsp/\libhal_bsp.a(altera_nios2_irq.o)

.debug_abbrev   0x00000000      0xbb2
 *(.debug_abbrev)
 .debug_abbrev  0x00000000       0x12 ../LED_bsp//obj/HAL/src/crt0.o
 .debug_abbrev  0x00000012       0x3f obj/hello_world_small.o
 .debug_abbrev  0x00000051      0x180 c:/altera/11.0sp1/nios2eds/bin/gnu/h-i686-mingw32/bin/../lib/gcc/nios2-elf/4.1.2/../../../../nios2-elf/lib/mno-hw-mul\libsmallc.a(lib_a-puts.o)
 .debug_abbrev  0x000001d1       0x7a c:/altera/11.0sp1/nios2eds/bin/gnu/h-i686-mingw32/bin/../lib/gcc/nios2-elf/4.1.2/../../../../nios2-elf/lib/mno-hw-mul\libsmallc.a(lib_a-strlen.o)
 .debug_abbrev  0x0000024b      0x179 c:/altera/11.0sp1/nios2eds/bin/gnu/h-i686-mingw32/bin/../lib/gcc/nios2-elf/4.1.2/../../../../nios2-elf/lib/mno-hw-mul\libsmallc.a(lib_a-fvwrite_small_dev.o)
 .debug_abbrev  0x000003c4      0x13f c:/altera/11.0sp1/nios2eds/bin/gnu/h-i686-mingw32/bin/../lib/gcc/nios2-elf/4.1.2/../../../../nios2-elf/lib/mno-hw-mul\libsmallc.a(lib_a-impure.o)
 .debug_abbrev  0x00000503      0x16c c:/altera/11.0sp1/nios2eds/bin/gnu/h-i686-mingw32/bin/../lib/gcc/nios2-elf/4.1.2/../../../../nios2-elf/lib/mno-hw-mul\libsmallc.a(lib_a-writer.o)
 .debug_abbrev  0x0000066f       0x3b c:/altera/11.0sp1/nios2eds/bin/gnu/h-i686-mingw32/bin/../lib/gcc/nios2-elf/4.1.2/../../../../nios2-elf/lib/mno-hw-mul\libsmallc.a(lib_a-int_errno.o)
 .debug_abbrev  0x000006aa       0x97 ../LED_bsp/\libhal_bsp.a(alt_load.o)
 .debug_abbrev  0x00000741       0xa6 ../LED_bsp/\libhal_bsp.a(alt_main.o)
 .debug_abbrev  0x000007e7       0xdd ../LED_bsp/\libhal_bsp.a(alt_write.o)
 .debug_abbrev  0x000008c4       0xe3 ../LED_bsp/\libhal_bsp.a(alt_sys_init.o)
 .debug_abbrev  0x000009a7       0xf0 ../LED_bsp/\libhal_bsp.a(altera_avalon_jtag_uart_write.o)
 .debug_abbrev  0x00000a97       0x3f ../LED_bsp/\libhal_bsp.a(alt_dcache_flush_all.o)
 .debug_abbrev  0x00000ad6       0x5e ../LED_bsp/\libhal_bsp.a(alt_errno.o)
 .debug_abbrev  0x00000b34       0x3f ../LED_bsp/\libhal_bsp.a(alt_icache_flush_all.o)
 .debug_abbrev  0x00000b73       0x3f ../LED_bsp/\libhal_bsp.a(altera_nios2_irq.o)

.debug_line     0x00000000     0x2473
 *(.debug_line)
 .debug_line    0x00000000       0x66 ../LED_bsp//obj/HAL/src/crt0.o
 .debug_line    0x00000066      0x1d8 obj/hello_world_small.o
 .debug_line    0x0000023e      0x2b2 c:/altera/11.0sp1/nios2eds/bin/gnu/h-i686-mingw32/bin/../lib/gcc/nios2-elf/4.1.2/../../../../nios2-elf/lib/mno-hw-mul\libsmallc.a(lib_a-puts.o)
 .debug_line    0x000004f0      0x250 c:/altera/11.0sp1/nios2eds/bin/gnu/h-i686-mingw32/bin/../lib/gcc/nios2-elf/4.1.2/../../../../nios2-elf/lib/mno-hw-mul\libsmallc.a(lib_a-strlen.o)
 .debug_line    0x00000740      0x2a9 c:/altera/11.0sp1/nios2eds/bin/gnu/h-i686-mingw32/bin/../lib/gcc/nios2-elf/4.1.2/../../../../nios2-elf/lib/mno-hw-mul\libsmallc.a(lib_a-fvwrite_small_dev.o)
 .debug_line    0x000009e9      0x230 c:/altera/11.0sp1/nios2eds/bin/gnu/h-i686-mingw32/bin/../lib/gcc/nios2-elf/4.1.2/../../../../nios2-elf/lib/mno-hw-mul\libsmallc.a(lib_a-impure.o)
 .debug_line    0x00000c19      0x29d c:/altera/11.0sp1/nios2eds/bin/gnu/h-i686-mingw32/bin/../lib/gcc/nios2-elf/4.1.2/../../../../nios2-elf/lib/mno-hw-mul\libsmallc.a(lib_a-writer.o)
 .debug_line    0x00000eb6      0x1e2 c:/altera/11.0sp1/nios2eds/bin/gnu/h-i686-mingw32/bin/../lib/gcc/nios2-elf/4.1.2/../../../../nios2-elf/lib/mno-hw-mul\libsmallc.a(lib_a-int_errno.o)
 .debug_line    0x00001098      0x217 ../LED_bsp/\libhal_bsp.a(alt_load.o)
 .debug_line    0x000012af      0x2c2 ../LED_bsp/\libhal_bsp.a(alt_main.o)
 .debug_line    0x00001571      0x2ab ../LED_bsp/\libhal_bsp.a(alt_write.o)
 .debug_line    0x0000181c      0x286 ../LED_bsp/\libhal_bsp.a(alt_sys_init.o)
 .debug_line    0x00001aa2      0x2f4 ../LED_bsp/\libhal_bsp.a(altera_avalon_jtag_uart_write.o)
 .debug_line    0x00001d96      0x1b5 ../LED_bsp/\libhal_bsp.a(alt_dcache_flush_all.o)
 .debug_line    0x00001f4b      0x1aa ../LED_bsp/\libhal_bsp.a(alt_errno.o)
 .debug_line    0x000020f5      0x1b5 ../LED_bsp/\libhal_bsp.a(alt_icache_flush_all.o)
 .debug_line    0x000022aa      0x1c9 ../LED_bsp/\libhal_bsp.a(altera_nios2_irq.o)

.debug_frame    0x00000000      0x220
 *(.debug_frame)
 .debug_frame   0x00000000       0x28 obj/hello_world_small.o
 .debug_frame   0x00000028       0x3c c:/altera/11.0sp1/nios2eds/bin/gnu/h-i686-mingw32/bin/../lib/gcc/nios2-elf/4.1.2/../../../../nios2-elf/lib/mno-hw-mul\libsmallc.a(lib_a-puts.o)
 .debug_frame   0x00000064       0x20 c:/altera/11.0sp1/nios2eds/bin/gnu/h-i686-mingw32/bin/../lib/gcc/nios2-elf/4.1.2/../../../../nios2-elf/lib/mno-hw-mul\libsmallc.a(lib_a-strlen.o)
 .debug_frame   0x00000084       0x30 c:/altera/11.0sp1/nios2eds/bin/gnu/h-i686-mingw32/bin/../lib/gcc/nios2-elf/4.1.2/../../../../nios2-elf/lib/mno-hw-mul\libsmallc.a(lib_a-fvwrite_small_dev.o)
 .debug_frame   0x000000b4       0x2c c:/altera/11.0sp1/nios2eds/bin/gnu/h-i686-mingw32/bin/../lib/gcc/nios2-elf/4.1.2/../../../../nios2-elf/lib/mno-hw-mul\libsmallc.a(lib_a-writer.o)
 .debug_frame   0x000000e0       0x38 ../LED_bsp/\libhal_bsp.a(alt_load.o)
 .debug_frame   0x00000118       0x28 ../LED_bsp/\libhal_bsp.a(alt_main.o)
 .debug_frame   0x00000140       0x28 ../LED_bsp/\libhal_bsp.a(alt_write.o)
 .debug_frame   0x00000168       0x38 ../LED_bsp/\libhal_bsp.a(alt_sys_init.o)
 .debug_frame   0x000001a0       0x20 ../LED_bsp/\libhal_bsp.a(altera_avalon_jtag_uart_write.o)
 .debug_frame   0x000001c0       0x20 ../LED_bsp/\libhal_bsp.a(alt_dcache_flush_all.o)
 .debug_frame   0x000001e0       0x20 ../LED_bsp/\libhal_bsp.a(alt_icache_flush_all.o)
 .debug_frame   0x00000200       0x20 ../LED_bsp/\libhal_bsp.a(altera_nios2_irq.o)

.debug_str      0x00000000      0xab8
 *(.debug_str)
 .debug_str     0x00000000       0xc4 obj/hello_world_small.o
                                0x102 (size before relaxing)
 .debug_str     0x000000c4      0x38e c:/altera/11.0sp1/nios2eds/bin/gnu/h-i686-mingw32/bin/../lib/gcc/nios2-elf/4.1.2/../../../../nios2-elf/lib/mno-hw-mul\libsmallc.a(lib_a-puts.o)
                                0x450 (size before relaxing)
 .debug_str     0x00000452       0xe2 c:/altera/11.0sp1/nios2eds/bin/gnu/h-i686-mingw32/bin/../lib/gcc/nios2-elf/4.1.2/../../../../nios2-elf/lib/mno-hw-mul\libsmallc.a(lib_a-strlen.o)
                                0x184 (size before relaxing)
 .debug_str     0x00000534       0x70 c:/altera/11.0sp1/nios2eds/bin/gnu/h-i686-mingw32/bin/../lib/gcc/nios2-elf/4.1.2/../../../../nios2-elf/lib/mno-hw-mul\libsmallc.a(lib_a-fvwrite_small_dev.o)
                                0x46a (size before relaxing)
 .debug_str     0x000005a4       0xf8 c:/altera/11.0sp1/nios2eds/bin/gnu/h-i686-mingw32/bin/../lib/gcc/nios2-elf/4.1.2/../../../../nios2-elf/lib/mno-hw-mul\libsmallc.a(lib_a-impure.o)
                                0x45d (size before relaxing)
 .debug_str     0x0000069c       0x4f c:/altera/11.0sp1/nios2eds/bin/gnu/h-i686-mingw32/bin/../lib/gcc/nios2-elf/4.1.2/../../../../nios2-elf/lib/mno-hw-mul\libsmallc.a(lib_a-writer.o)
                                0x451 (size before relaxing)
 .debug_str     0x000006eb       0x40 c:/altera/11.0sp1/nios2eds/bin/gnu/h-i686-mingw32/bin/../lib/gcc/nios2-elf/4.1.2/../../../../nios2-elf/lib/mno-hw-mul\libsmallc.a(lib_a-int_errno.o)
                                0x177 (size before relaxing)
 .debug_str     0x0000072b      0x149 ../LED_bsp/\libhal_bsp.a(alt_load.o)
                                0x1de (size before relaxing)
 .debug_str     0x00000874       0x70 ../LED_bsp/\libhal_bsp.a(alt_main.o)
                                0x162 (size before relaxing)
 .debug_str     0x000008e4       0x58 ../LED_bsp/\libhal_bsp.a(alt_write.o)
                                0x18e (size before relaxing)
 .debug_str     0x0000093c       0x85 ../LED_bsp/\libhal_bsp.a(alt_sys_init.o)
                                0x1d7 (size before relaxing)
 .debug_str     0x000009c1       0x4a ../LED_bsp/\libhal_bsp.a(altera_avalon_jtag_uart_write.o)
                                0x1da (size before relaxing)
 .debug_str     0x00000a0b       0x34 ../LED_bsp/\libhal_bsp.a(alt_dcache_flush_all.o)
                                0x121 (size before relaxing)
 .debug_str     0x00000a3f       0x14 ../LED_bsp/\libhal_bsp.a(alt_errno.o)
                                0x111 (size before relaxing)
 .debug_str     0x00000a53       0x34 ../LED_bsp/\libhal_bsp.a(alt_icache_flush_all.o)
                                0x121 (size before relaxing)
 .debug_str     0x00000a87       0x31 ../LED_bsp/\libhal_bsp.a(altera_nios2_irq.o)
                                0x11e (size before relaxing)

.debug_loc      0x00000000      0x408
 *(.debug_loc)
 .debug_loc     0x00000000       0x1f obj/hello_world_small.o
 .debug_loc     0x0000001f       0xa2 c:/altera/11.0sp1/nios2eds/bin/gnu/h-i686-mingw32/bin/../lib/gcc/nios2-elf/4.1.2/../../../../nios2-elf/lib/mno-hw-mul\libsmallc.a(lib_a-puts.o)
 .debug_loc     0x000000c1       0x1e c:/altera/11.0sp1/nios2eds/bin/gnu/h-i686-mingw32/bin/../lib/gcc/nios2-elf/4.1.2/../../../../nios2-elf/lib/mno-hw-mul\libsmallc.a(lib_a-strlen.o)
 .debug_loc     0x000000df      0x162 c:/altera/11.0sp1/nios2eds/bin/gnu/h-i686-mingw32/bin/../lib/gcc/nios2-elf/4.1.2/../../../../nios2-elf/lib/mno-hw-mul\libsmallc.a(lib_a-fvwrite_small_dev.o)
 .debug_loc     0x00000241       0x97 c:/altera/11.0sp1/nios2eds/bin/gnu/h-i686-mingw32/bin/../lib/gcc/nios2-elf/4.1.2/../../../../nios2-elf/lib/mno-hw-mul\libsmallc.a(lib_a-writer.o)
 .debug_loc     0x000002d8       0x1f ../LED_bsp/\libhal_bsp.a(alt_load.o)
 .debug_loc     0x000002f7       0x1f ../LED_bsp/\libhal_bsp.a(alt_main.o)
 .debug_loc     0x00000316       0x9a ../LED_bsp/\libhal_bsp.a(alt_write.o)
 .debug_loc     0x000003b0       0x32 ../LED_bsp/\libhal_bsp.a(alt_sys_init.o)
 .debug_loc     0x000003e2       0x26 ../LED_bsp/\libhal_bsp.a(altera_avalon_jtag_uart_write.o)

.debug_macinfo
 *(.debug_macinfo)

.debug_weaknames
 *(.debug_weaknames)

.debug_funcnames
 *(.debug_funcnames)

.debug_typenames
 *(.debug_typenames)

.debug_varnames
 *(.debug_varnames)

.debug_alt_sim_info
                0x00000000       0x10
 *(.debug_alt_sim_info)
 .debug_alt_sim_info
                0x00000000       0x10 ../LED_bsp//obj/HAL/src/crt0.o
                0x00007e80                __alt_data_end = 0x7e80
                0x00007e80                PROVIDE (__alt_stack_pointer, __alt_data_end)
                0x0000461c                PROVIDE (__alt_stack_limit, __alt_stack_base)
                0x0000461c                PROVIDE (__alt_heap_start, end)
                0x00007e80                PROVIDE (__alt_heap_limit, 0x7e80)
OUTPUT(LED.elf elf32-littlenios2)

.debug_ranges   0x00000000       0x20
 .debug_ranges  0x00000000       0x20 ../LED_bsp//obj/HAL/src/crt0.o
